{"__type":"$$EventMessageAudit","id":"c11fb915-1143-4abf-b49d-ff0f67d90a6a","ts":"2026-06-27T20:03:39.354-05:00","eventName":"n8n.audit.workflow.activated","message":"n8n.audit.workflow.activated","payload":{"workflowId":"oUPx0e5fOPGgvylT","workflowName":"My workflow","activeVersionId":"5266f77b-cfa5-4fa9-ad9e-0808160ed4f3","activationMode":"init"}}
{"__type":"$$EventMessageConfirm","confirm":"c11fb915-1143-4abf-b49d-ff0f67d90a6a","ts":"2026-06-27T20:03:39.354-05:00","source":{"id":"0","name":"eventBus"}}
{"__type":"$$EventMessageAudit","id":"e40e82ed-bde6-470b-8b39-2af5d9f60d04","ts":"2026-06-27T21:03:07.215-05:00","eventName":"n8n.audit.workflow.executed","message":"n8n.audit.workflow.executed","payload":{"workflowId":"oUPx0e5fOPGgvylT","workflowName":"My workflow","executionId":"171","source":"webhook"}}
{"__type":"$$EventMessageConfirm","confirm":"e40e82ed-bde6-470b-8b39-2af5d9f60d04","ts":"2026-06-27T21:03:07.215-05:00","source":{"id":"0","name":"eventBus"}}
{"__type":"$$EventMessageWorkflow","id":"2f6f7eb0-4b03-4821-b4e5-b54b05ee0b40","ts":"2026-06-27T21:03:07.215-05:00","eventName":"n8n.workflow.started","message":"n8n.workflow.started","payload":{"executionId":"171","workflowId":"oUPx0e5fOPGgvylT","isManual":false,"mode":"webhook","workflowName":"My workflow","projectId":"b7xQvhxULCJHHqbW","projectName":"paul steve stevetamayo7@gmail.com <stevetamayo7@gmail.com>"}}
{"__type":"$$EventMessageConfirm","confirm":"2f6f7eb0-4b03-4821-b4e5-b54b05ee0b40","ts":"2026-06-27T21:03:07.215-05:00","source":{"id":"0","name":"eventBus"}}
{"__type":"$$EventMessageNode","id":"4a317e84-1af4-41cf-81c2-9bec41d6049f","ts":"2026-06-27T21:03:07.216-05:00","eventName":"n8n.node.started","message":"n8n.node.started","payload":{"workflowId":"oUPx0e5fOPGgvylT","workflowName":"My workflow","executionId":"171","nodeType":"n8n-nodes-base.webhook","nodeName":"Webhook","nodeId":"f1135c5d-ea3b-4d5c-8bdc-9fa7d996426e"}}
{"__type":"$$EventMessageConfirm","confirm":"4a317e84-1af4-41cf-81c2-9bec41d6049f","ts":"2026-06-27T21:03:07.216-05:00","source":{"id":"0","name":"eventBus"}}
{"__type":"$$EventMessageNode","id":"06c85cc0-9211-40bb-8b72-700714126d3e","ts":"2026-06-27T21:03:07.218-05:00","eventName":"n8n.node.finished","message":"n8n.node.finished","payload":{"workflowId":"oUPx0e5fOPGgvylT","workflowName":"My workflow","executionId":"171","nodeType":"n8n-nodes-base.webhook","nodeName":"Webhook","nodeId":"f1135c5d-ea3b-4d5c-8bdc-9fa7d996426e"}}
{"__type":"$$EventMessageConfirm","confirm":"06c85cc0-9211-40bb-8b72-700714126d3e","ts":"2026-06-27T21:03:07.218-05:00","source":{"id":"0","name":"eventBus"}}
{"__type":"$$EventMessageNode","id":"3dfba189-696e-4841-a3be-cc27fae92de0","ts":"2026-06-27T21:03:07.218-05:00","eventName":"n8n.node.started","message":"n8n.node.started","payload":{"workflowId":"oUPx0e5fOPGgvylT","workflowName":"My workflow","executionId":"171","nodeType":"n8n-nodes-base.code","nodeName":"Extraer Consumo (Bodega)","nodeId":"32d04367-e652-4576-96c4-80aed52d7f95"}}
{"__type":"$$EventMessageConfirm","confirm":"3dfba189-696e-4841-a3be-cc27fae92de0","ts":"2026-06-27T21:03:07.218-05:00","source":{"id":"0","name":"eventBus"}}
{"__type":"$$EventMessageRunner","id":"10bb2559-6d96-4c02-b6b5-6e26a46fc0d1","ts":"2026-06-27T21:03:07.225-05:00","eventName":"n8n.runner.task.requested","message":"n8n.runner.task.requested","payload":{"taskId":"7HZkx_VQ","nodeId":"32d04367-e652-4576-96c4-80aed52d7f95","workflowId":"oUPx0e5fOPGgvylT","executionId":"171"}}
{"__type":"$$EventMessageConfirm","confirm":"10bb2559-6d96-4c02-b6b5-6e26a46fc0d1","ts":"2026-06-27T21:03:07.226-05:00","source":{"id":"0","name":"eventBus"}}
{"__type":"$$EventMessageRunner","id":"fb841f20-388c-49da-b6d2-66712723b1f7","ts":"2026-06-27T21:03:07.287-05:00","eventName":"n8n.runner.response.received","message":"n8n.runner.response.received","payload":{"taskId":"7HZkx_VQ","nodeId":"32d04367-e652-4576-96c4-80aed52d7f95","workflowId":"oUPx0e5fOPGgvylT","executionId":"171"}}
{"__type":"$$EventMessageConfirm","confirm":"fb841f20-388c-49da-b6d2-66712723b1f7","ts":"2026-06-27T21:03:07.287-05:00","source":{"id":"0","name":"eventBus"}}
{"__type":"$$EventMessageNode","id":"6a826c69-fade-4b9a-a8ea-44af0c8739b7","ts":"2026-06-27T21:03:07.287-05:00","eventName":"n8n.node.finished","message":"n8n.node.finished","payload":{"workflowId":"oUPx0e5fOPGgvylT","workflowName":"My workflow","executionId":"171","nodeType":"n8n-nodes-base.code","nodeName":"Extraer Consumo (Bodega)","nodeId":"32d04367-e652-4576-96c4-80aed52d7f95"}}
{"__type":"$$EventMessageConfirm","confirm":"6a826c69-fade-4b9a-a8ea-44af0c8739b7","ts":"2026-06-27T21:03:07.287-05:00","source":{"id":"0","name":"eventBus"}}
{"__type":"$$EventMessageNode","id":"d8efdb10-604c-4762-bdc6-a4b422d1b11d","ts":"2026-06-27T21:03:07.288-05:00","eventName":"n8n.node.started","message":"n8n.node.started","payload":{"workflowId":"oUPx0e5fOPGgvylT","workflowName":"My workflow","executionId":"171","nodeType":"n8n-nodes-base.postgres","nodeName":"Descontar Stock","nodeId":"aed60a76-82c2-456f-8302-9d68abaa4d85"}}
{"__type":"$$EventMessageConfirm","confirm":"d8efdb10-604c-4762-bdc6-a4b422d1b11d","ts":"2026-06-27T21:03:07.288-05:00","source":{"id":"0","name":"eventBus"}}
{"__type":"$$EventMessageNode","id":"1a5bcc4e-513f-4079-9369-931aea56609c","ts":"2026-06-27T21:03:07.399-05:00","eventName":"n8n.node.finished","message":"n8n.node.finished","payload":{"workflowId":"oUPx0e5fOPGgvylT","workflowName":"My workflow","executionId":"171","nodeType":"n8n-nodes-base.postgres","nodeName":"Descontar Stock","nodeId":"aed60a76-82c2-456f-8302-9d68abaa4d85"}}
{"__type":"$$EventMessageConfirm","confirm":"1a5bcc4e-513f-4079-9369-931aea56609c","ts":"2026-06-27T21:03:07.399-05:00","source":{"id":"0","name":"eventBus"}}
{"__type":"$$EventMessageNode","id":"f1574a40-f81d-49bf-b5b3-1bac8b864da8","ts":"2026-06-27T21:03:07.399-05:00","eventName":"n8n.node.started","message":"n8n.node.started","payload":{"workflowId":"oUPx0e5fOPGgvylT","workflowName":"My workflow","executionId":"171","nodeType":"n8n-nodes-base.postgres","nodeName":"Insertar Cabecera Pedido","nodeId":"b70ae773-3136-4f89-b186-48c0bd513abc"}}
{"__type":"$$EventMessageConfirm","confirm":"f1574a40-f81d-49bf-b5b3-1bac8b864da8","ts":"2026-06-27T21:03:07.399-05:00","source":{"id":"0","name":"eventBus"}}
{"__type":"$$EventMessageNode","id":"c61aa1c7-6875-46d6-b539-35d633a36b9b","ts":"2026-06-27T21:03:07.458-05:00","eventName":"n8n.node.finished","message":"n8n.node.finished","payload":{"workflowId":"oUPx0e5fOPGgvylT","workflowName":"My workflow","executionId":"171","nodeType":"n8n-nodes-base.postgres","nodeName":"Insertar Cabecera Pedido","nodeId":"b70ae773-3136-4f89-b186-48c0bd513abc"}}
{"__type":"$$EventMessageConfirm","confirm":"c61aa1c7-6875-46d6-b539-35d633a36b9b","ts":"2026-06-27T21:03:07.458-05:00","source":{"id":"0","name":"eventBus"}}
{"__type":"$$EventMessageNode","id":"44d9206d-87be-438a-8799-910631a91c91","ts":"2026-06-27T21:03:07.458-05:00","eventName":"n8n.node.started","message":"n8n.node.started","payload":{"workflowId":"oUPx0e5fOPGgvylT","workflowName":"My workflow","executionId":"171","nodeType":"n8n-nodes-base.set","nodeName":"Edit Fields","nodeId":"68405ab2-f60e-41a4-9d37-35d47de4936e"}}
{"__type":"$$EventMessageConfirm","confirm":"44d9206d-87be-438a-8799-910631a91c91","ts":"2026-06-27T21:03:07.458-05:00","source":{"id":"0","name":"eventBus"}}
{"__type":"$$EventMessageNode","id":"ed5e47e7-1eff-465c-ba7c-173dd0c2ece9","ts":"2026-06-27T21:03:07.464-05:00","eventName":"n8n.node.finished","message":"n8n.node.finished","payload":{"workflowId":"oUPx0e5fOPGgvylT","workflowName":"My workflow","executionId":"171","nodeType":"n8n-nodes-base.set","nodeName":"Edit Fields","nodeId":"68405ab2-f60e-41a4-9d37-35d47de4936e"}}
{"__type":"$$EventMessageConfirm","confirm":"ed5e47e7-1eff-465c-ba7c-173dd0c2ece9","ts":"2026-06-27T21:03:07.464-05:00","source":{"id":"0","name":"eventBus"}}
{"__type":"$$EventMessageNode","id":"3df3a502-096c-4278-8ba6-05eb825e13fa","ts":"2026-06-27T21:03:07.464-05:00","eventName":"n8n.node.started","message":"n8n.node.started","payload":{"workflowId":"oUPx0e5fOPGgvylT","workflowName":"My workflow","executionId":"171","nodeType":"n8n-nodes-base.splitOut","nodeName":"Split Out","nodeId":"a684a599-9806-4670-8e45-8b2176608639"}}
{"__type":"$$EventMessageConfirm","confirm":"3df3a502-096c-4278-8ba6-05eb825e13fa","ts":"2026-06-27T21:03:07.464-05:00","source":{"id":"0","name":"eventBus"}}
{"__type":"$$EventMessageNode","id":"fd1b2261-da86-415e-bd5b-301b337f8b25","ts":"2026-06-27T21:03:07.465-05:00","eventName":"n8n.node.finished","message":"n8n.node.finished","payload":{"workflowId":"oUPx0e5fOPGgvylT","workflowName":"My workflow","executionId":"171","nodeType":"n8n-nodes-base.splitOut","nodeName":"Split Out","nodeId":"a684a599-9806-4670-8e45-8b2176608639"}}
{"__type":"$$EventMessageConfirm","confirm":"fd1b2261-da86-415e-bd5b-301b337f8b25","ts":"2026-06-27T21:03:07.465-05:00","source":{"id":"0","name":"eventBus"}}
{"__type":"$$EventMessageNode","id":"f38c7256-dd76-4c32-89cd-b62284441c13","ts":"2026-06-27T21:03:07.465-05:00","eventName":"n8n.node.started","message":"n8n.node.started","payload":{"workflowId":"oUPx0e5fOPGgvylT","workflowName":"My workflow","executionId":"171","nodeType":"n8n-nodes-base.postgres","nodeName":"Insertar Detalle Final","nodeId":"c7187cf2-b5e1-40c1-8161-a553052a3098"}}
{"__type":"$$EventMessageConfirm","confirm":"f38c7256-dd76-4c32-89cd-b62284441c13","ts":"2026-06-27T21:03:07.465-05:00","source":{"id":"0","name":"eventBus"}}
{"__type":"$$EventMessageNode","id":"d28ea80f-1474-4292-9e6c-4ee7f05ffc31","ts":"2026-06-27T21:03:07.501-05:00","eventName":"n8n.node.finished","message":"n8n.node.finished","payload":{"workflowId":"oUPx0e5fOPGgvylT","workflowName":"My workflow","executionId":"171","nodeType":"n8n-nodes-base.postgres","nodeName":"Insertar Detalle Final","nodeId":"c7187cf2-b5e1-40c1-8161-a553052a3098"}}
{"__type":"$$EventMessageConfirm","confirm":"d28ea80f-1474-4292-9e6c-4ee7f05ffc31","ts":"2026-06-27T21:03:07.501-05:00","source":{"id":"0","name":"eventBus"}}
{"__type":"$$EventMessageWorkflow","id":"dd8107d5-0e0b-4a18-86d7-79042d903ccf","ts":"2026-06-27T21:03:07.503-05:00","eventName":"n8n.workflow.success","message":"n8n.workflow.success","payload":{"executionId":"171","success":true,"isManual":false,"mode":"webhook","workflowId":"oUPx0e5fOPGgvylT","workflowName":"My workflow","projectId":"b7xQvhxULCJHHqbW","projectName":"paul steve stevetamayo7@gmail.com <stevetamayo7@gmail.com>"}}
{"__type":"$$EventMessageConfirm","confirm":"dd8107d5-0e0b-4a18-86d7-79042d903ccf","ts":"2026-06-27T21:03:07.503-05:00","source":{"id":"0","name":"eventBus"}}
{"__type":"$$EventMessageAudit","id":"707e95c6-18ca-4b62-a58f-6c611053b51f","ts":"2026-06-27T23:55:54.020-05:00","eventName":"n8n.audit.workflow.executed","message":"n8n.audit.workflow.executed","payload":{"workflowId":"oUPx0e5fOPGgvylT","workflowName":"My workflow","executionId":"172","source":"webhook"}}
{"__type":"$$EventMessageConfirm","confirm":"707e95c6-18ca-4b62-a58f-6c611053b51f","ts":"2026-06-27T23:55:54.021-05:00","source":{"id":"0","name":"eventBus"}}
{"__type":"$$EventMessageWorkflow","id":"c813da6d-7579-4f23-8dc1-76277fd05a4a","ts":"2026-06-27T23:55:54.021-05:00","eventName":"n8n.workflow.started","message":"n8n.workflow.started","payload":{"executionId":"172","workflowId":"oUPx0e5fOPGgvylT","isManual":false,"mode":"webhook","workflowName":"My workflow","projectId":"b7xQvhxULCJHHqbW","projectName":"paul steve stevetamayo7@gmail.com <stevetamayo7@gmail.com>"}}
{"__type":"$$EventMessageConfirm","confirm":"c813da6d-7579-4f23-8dc1-76277fd05a4a","ts":"2026-06-27T23:55:54.021-05:00","source":{"id":"0","name":"eventBus"}}
{"__type":"$$EventMessageNode","id":"412e032d-dd62-4dd1-ae77-930d5322ac01","ts":"2026-06-27T23:55:54.021-05:00","eventName":"n8n.node.started","message":"n8n.node.started","payload":{"workflowId":"oUPx0e5fOPGgvylT","workflowName":"My workflow","executionId":"172","nodeType":"n8n-nodes-base.webhook","nodeName":"Webhook","nodeId":"f1135c5d-ea3b-4d5c-8bdc-9fa7d996426e"}}
{"__type":"$$EventMessageConfirm","confirm":"412e032d-dd62-4dd1-ae77-930d5322ac01","ts":"2026-06-27T23:55:54.021-05:00","source":{"id":"0","name":"eventBus"}}
{"__type":"$$EventMessageNode","id":"1c5611cb-b294-4161-842d-e8d62021e9cc","ts":"2026-06-27T23:55:54.023-05:00","eventName":"n8n.node.finished","message":"n8n.node.finished","payload":{"workflowId":"oUPx0e5fOPGgvylT","workflowName":"My workflow","executionId":"172","nodeType":"n8n-nodes-base.webhook","nodeName":"Webhook","nodeId":"f1135c5d-ea3b-4d5c-8bdc-9fa7d996426e"}}
{"__type":"$$EventMessageConfirm","confirm":"1c5611cb-b294-4161-842d-e8d62021e9cc","ts":"2026-06-27T23:55:54.023-05:00","source":{"id":"0","name":"eventBus"}}
{"__type":"$$EventMessageNode","id":"3997f31b-910a-44cc-a1f9-5110c2550ad5","ts":"2026-06-27T23:55:54.023-05:00","eventName":"n8n.node.started","message":"n8n.node.started","payload":{"workflowId":"oUPx0e5fOPGgvylT","workflowName":"My workflow","executionId":"172","nodeType":"n8n-nodes-base.code","nodeName":"Extraer Consumo (Bodega)","nodeId":"32d04367-e652-4576-96c4-80aed52d7f95"}}
{"__type":"$$EventMessageConfirm","confirm":"3997f31b-910a-44cc-a1f9-5110c2550ad5","ts":"2026-06-27T23:55:54.023-05:00","source":{"id":"0","name":"eventBus"}}
{"__type":"$$EventMessageRunner","id":"a0271631-5c05-4f14-a589-2794823d5ee8","ts":"2026-06-27T23:55:54.030-05:00","eventName":"n8n.runner.task.requested","message":"n8n.runner.task.requested","payload":{"taskId":"lmVan97e","nodeId":"32d04367-e652-4576-96c4-80aed52d7f95","workflowId":"oUPx0e5fOPGgvylT","executionId":"172"}}
{"__type":"$$EventMessageConfirm","confirm":"a0271631-5c05-4f14-a589-2794823d5ee8","ts":"2026-06-27T23:55:54.030-05:00","source":{"id":"0","name":"eventBus"}}
{"__type":"$$EventMessageRunner","id":"e1943db9-e39d-4af4-b482-86c7ab18707c","ts":"2026-06-27T23:55:54.063-05:00","eventName":"n8n.runner.response.received","message":"n8n.runner.response.received","payload":{"taskId":"lmVan97e","nodeId":"32d04367-e652-4576-96c4-80aed52d7f95","workflowId":"oUPx0e5fOPGgvylT","executionId":"172"}}
{"__type":"$$EventMessageConfirm","confirm":"e1943db9-e39d-4af4-b482-86c7ab18707c","ts":"2026-06-27T23:55:54.063-05:00","source":{"id":"0","name":"eventBus"}}
{"__type":"$$EventMessageNode","id":"e59060ab-943c-499f-82b2-01461d701ac3","ts":"2026-06-27T23:55:54.064-05:00","eventName":"n8n.node.finished","message":"n8n.node.finished","payload":{"workflowId":"oUPx0e5fOPGgvylT","workflowName":"My workflow","executionId":"172","nodeType":"n8n-nodes-base.code","nodeName":"Extraer Consumo (Bodega)","nodeId":"32d04367-e652-4576-96c4-80aed52d7f95"}}
{"__type":"$$EventMessageConfirm","confirm":"e59060ab-943c-499f-82b2-01461d701ac3","ts":"2026-06-27T23:55:54.064-05:00","source":{"id":"0","name":"eventBus"}}
{"__type":"$$EventMessageNode","id":"685828b8-ac0a-4905-a3f0-ba3c7a2eadbd","ts":"2026-06-27T23:55:54.064-05:00","eventName":"n8n.node.started","message":"n8n.node.started","payload":{"workflowId":"oUPx0e5fOPGgvylT","workflowName":"My workflow","executionId":"172","nodeType":"n8n-nodes-base.postgres","nodeName":"Descontar Stock","nodeId":"aed60a76-82c2-456f-8302-9d68abaa4d85"}}
{"__type":"$$EventMessageConfirm","confirm":"685828b8-ac0a-4905-a3f0-ba3c7a2eadbd","ts":"2026-06-27T23:55:54.064-05:00","source":{"id":"0","name":"eventBus"}}
{"__type":"$$EventMessageNode","id":"cc5447ab-902b-4456-8e8c-f1db1f33e8a5","ts":"2026-06-27T23:55:54.132-05:00","eventName":"n8n.node.finished","message":"n8n.node.finished","payload":{"workflowId":"oUPx0e5fOPGgvylT","workflowName":"My workflow","executionId":"172","nodeType":"n8n-nodes-base.postgres","nodeName":"Descontar Stock","nodeId":"aed60a76-82c2-456f-8302-9d68abaa4d85"}}
{"__type":"$$EventMessageConfirm","confirm":"cc5447ab-902b-4456-8e8c-f1db1f33e8a5","ts":"2026-06-27T23:55:54.132-05:00","source":{"id":"0","name":"eventBus"}}
{"__type":"$$EventMessageNode","id":"29555711-5bc8-4b9a-b224-db2f3a84fb51","ts":"2026-06-27T23:55:54.132-05:00","eventName":"n8n.node.started","message":"n8n.node.started","payload":{"workflowId":"oUPx0e5fOPGgvylT","workflowName":"My workflow","executionId":"172","nodeType":"n8n-nodes-base.postgres","nodeName":"Insertar Cabecera Pedido","nodeId":"b70ae773-3136-4f89-b186-48c0bd513abc"}}
{"__type":"$$EventMessageConfirm","confirm":"29555711-5bc8-4b9a-b224-db2f3a84fb51","ts":"2026-06-27T23:55:54.132-05:00","source":{"id":"0","name":"eventBus"}}
{"__type":"$$EventMessageNode","id":"96727438-44d6-4ce1-97ae-091606392281","ts":"2026-06-27T23:55:54.163-05:00","eventName":"n8n.node.finished","message":"n8n.node.finished","payload":{"workflowId":"oUPx0e5fOPGgvylT","workflowName":"My workflow","executionId":"172","nodeType":"n8n-nodes-base.postgres","nodeName":"Insertar Cabecera Pedido","nodeId":"b70ae773-3136-4f89-b186-48c0bd513abc"}}
{"__type":"$$EventMessageConfirm","confirm":"96727438-44d6-4ce1-97ae-091606392281","ts":"2026-06-27T23:55:54.163-05:00","source":{"id":"0","name":"eventBus"}}
{"__type":"$$EventMessageNode","id":"475c2adf-9afd-4489-93b5-12565983609a","ts":"2026-06-27T23:55:54.163-05:00","eventName":"n8n.node.started","message":"n8n.node.started","payload":{"workflowId":"oUPx0e5fOPGgvylT","workflowName":"My workflow","executionId":"172","nodeType":"n8n-nodes-base.set","nodeName":"Edit Fields","nodeId":"68405ab2-f60e-41a4-9d37-35d47de4936e"}}
{"__type":"$$EventMessageConfirm","confirm":"475c2adf-9afd-4489-93b5-12565983609a","ts":"2026-06-27T23:55:54.163-05:00","source":{"id":"0","name":"eventBus"}}
{"__type":"$$EventMessageNode","id":"b44a0c54-4f32-477a-bfc0-775da9fea1b0","ts":"2026-06-27T23:55:54.164-05:00","eventName":"n8n.node.finished","message":"n8n.node.finished","payload":{"workflowId":"oUPx0e5fOPGgvylT","workflowName":"My workflow","executionId":"172","nodeType":"n8n-nodes-base.set","nodeName":"Edit Fields","nodeId":"68405ab2-f60e-41a4-9d37-35d47de4936e"}}
{"__type":"$$EventMessageConfirm","confirm":"b44a0c54-4f32-477a-bfc0-775da9fea1b0","ts":"2026-06-27T23:55:54.164-05:00","source":{"id":"0","name":"eventBus"}}
{"__type":"$$EventMessageNode","id":"0fae927e-d9cd-45ce-b2e2-66806cf33568","ts":"2026-06-27T23:55:54.164-05:00","eventName":"n8n.node.started","message":"n8n.node.started","payload":{"workflowId":"oUPx0e5fOPGgvylT","workflowName":"My workflow","executionId":"172","nodeType":"n8n-nodes-base.splitOut","nodeName":"Split Out","nodeId":"a684a599-9806-4670-8e45-8b2176608639"}}
{"__type":"$$EventMessageConfirm","confirm":"0fae927e-d9cd-45ce-b2e2-66806cf33568","ts":"2026-06-27T23:55:54.164-05:00","source":{"id":"0","name":"eventBus"}}
{"__type":"$$EventMessageNode","id":"0fed2147-08c0-4c5c-8e71-7662d3a376a5","ts":"2026-06-27T23:55:54.164-05:00","eventName":"n8n.node.finished","message":"n8n.node.finished","payload":{"workflowId":"oUPx0e5fOPGgvylT","workflowName":"My workflow","executionId":"172","nodeType":"n8n-nodes-base.splitOut","nodeName":"Split Out","nodeId":"a684a599-9806-4670-8e45-8b2176608639"}}
{"__type":"$$EventMessageConfirm","confirm":"0fed2147-08c0-4c5c-8e71-7662d3a376a5","ts":"2026-06-27T23:55:54.164-05:00","source":{"id":"0","name":"eventBus"}}
{"__type":"$$EventMessageNode","id":"a578d85a-20fe-4fce-a28a-b9fb61221a5d","ts":"2026-06-27T23:55:54.164-05:00","eventName":"n8n.node.started","message":"n8n.node.started","payload":{"workflowId":"oUPx0e5fOPGgvylT","workflowName":"My workflow","executionId":"172","nodeType":"n8n-nodes-base.postgres","nodeName":"Insertar Detalle Final","nodeId":"c7187cf2-b5e1-40c1-8161-a553052a3098"}}
{"__type":"$$EventMessageConfirm","confirm":"a578d85a-20fe-4fce-a28a-b9fb61221a5d","ts":"2026-06-27T23:55:54.164-05:00","source":{"id":"0","name":"eventBus"}}
{"__type":"$$EventMessageNode","id":"9f19b626-6c78-485d-9c14-e6593f198618","ts":"2026-06-27T23:55:54.184-05:00","eventName":"n8n.node.finished","message":"n8n.node.finished","payload":{"workflowId":"oUPx0e5fOPGgvylT","workflowName":"My workflow","executionId":"172","nodeType":"n8n-nodes-base.postgres","nodeName":"Insertar Detalle Final","nodeId":"c7187cf2-b5e1-40c1-8161-a553052a3098"}}
{"__type":"$$EventMessageConfirm","confirm":"9f19b626-6c78-485d-9c14-e6593f198618","ts":"2026-06-27T23:55:54.184-05:00","source":{"id":"0","name":"eventBus"}}
{"__type":"$$EventMessageWorkflow","id":"75962727-d8f6-4c28-8e08-39628a3db176","ts":"2026-06-27T23:55:54.184-05:00","eventName":"n8n.workflow.success","message":"n8n.workflow.success","payload":{"executionId":"172","success":true,"isManual":false,"mode":"webhook","workflowId":"oUPx0e5fOPGgvylT","workflowName":"My workflow","projectId":"b7xQvhxULCJHHqbW","projectName":"paul steve stevetamayo7@gmail.com <stevetamayo7@gmail.com>"}}
{"__type":"$$EventMessageConfirm","confirm":"75962727-d8f6-4c28-8e08-39628a3db176","ts":"2026-06-27T23:55:54.184-05:00","source":{"id":"0","name":"eventBus"}}
{"__type":"$$EventMessageAudit","id":"99978a37-c9fb-4a26-9b3f-e0c31264914a","ts":"2026-06-27T23:56:33.080-05:00","eventName":"n8n.audit.workflow.executed","message":"n8n.audit.workflow.executed","payload":{"workflowId":"oUPx0e5fOPGgvylT","workflowName":"My workflow","executionId":"173","source":"webhook"}}
{"__type":"$$EventMessageConfirm","confirm":"99978a37-c9fb-4a26-9b3f-e0c31264914a","ts":"2026-06-27T23:56:33.080-05:00","source":{"id":"0","name":"eventBus"}}
{"__type":"$$EventMessageWorkflow","id":"f24fa03a-c54c-4c8e-a9c0-5c738bf94b99","ts":"2026-06-27T23:56:33.080-05:00","eventName":"n8n.workflow.started","message":"n8n.workflow.started","payload":{"executionId":"173","workflowId":"oUPx0e5fOPGgvylT","isManual":false,"mode":"webhook","workflowName":"My workflow","projectId":"b7xQvhxULCJHHqbW","projectName":"paul steve stevetamayo7@gmail.com <stevetamayo7@gmail.com>"}}
{"__type":"$$EventMessageConfirm","confirm":"f24fa03a-c54c-4c8e-a9c0-5c738bf94b99","ts":"2026-06-27T23:56:33.080-05:00","source":{"id":"0","name":"eventBus"}}
{"__type":"$$EventMessageNode","id":"17a9d421-5f45-49f0-a8c5-862fa17d3280","ts":"2026-06-27T23:56:33.080-05:00","eventName":"n8n.node.started","message":"n8n.node.started","payload":{"workflowId":"oUPx0e5fOPGgvylT","workflowName":"My workflow","executionId":"173","nodeType":"n8n-nodes-base.webhook","nodeName":"Webhook","nodeId":"f1135c5d-ea3b-4d5c-8bdc-9fa7d996426e"}}
{"__type":"$$EventMessageConfirm","confirm":"17a9d421-5f45-49f0-a8c5-862fa17d3280","ts":"2026-06-27T23:56:33.080-05:00","source":{"id":"0","name":"eventBus"}}
{"__type":"$$EventMessageNode","id":"57bd155e-3ea6-4d4d-a9f4-08fe5f831fd5","ts":"2026-06-27T23:56:33.081-05:00","eventName":"n8n.node.finished","message":"n8n.node.finished","payload":{"workflowId":"oUPx0e5fOPGgvylT","workflowName":"My workflow","executionId":"173","nodeType":"n8n-nodes-base.webhook","nodeName":"Webhook","nodeId":"f1135c5d-ea3b-4d5c-8bdc-9fa7d996426e"}}
{"__type":"$$EventMessageConfirm","confirm":"57bd155e-3ea6-4d4d-a9f4-08fe5f831fd5","ts":"2026-06-27T23:56:33.081-05:00","source":{"id":"0","name":"eventBus"}}
{"__type":"$$EventMessageNode","id":"cd1bad9b-3480-496e-835e-e64aa55c8108","ts":"2026-06-27T23:56:33.081-05:00","eventName":"n8n.node.started","message":"n8n.node.started","payload":{"workflowId":"oUPx0e5fOPGgvylT","workflowName":"My workflow","executionId":"173","nodeType":"n8n-nodes-base.code","nodeName":"Extraer Consumo (Bodega)","nodeId":"32d04367-e652-4576-96c4-80aed52d7f95"}}
{"__type":"$$EventMessageConfirm","confirm":"cd1bad9b-3480-496e-835e-e64aa55c8108","ts":"2026-06-27T23:56:33.081-05:00","source":{"id":"0","name":"eventBus"}}
{"__type":"$$EventMessageRunner","id":"4e558e02-af54-4499-9dc1-26ccf9ded0a9","ts":"2026-06-27T23:56:33.082-05:00","eventName":"n8n.runner.task.requested","message":"n8n.runner.task.requested","payload":{"taskId":"exg1KV57","nodeId":"32d04367-e652-4576-96c4-80aed52d7f95","workflowId":"oUPx0e5fOPGgvylT","executionId":"173"}}
{"__type":"$$EventMessageConfirm","confirm":"4e558e02-af54-4499-9dc1-26ccf9ded0a9","ts":"2026-06-27T23:56:33.082-05:00","source":{"id":"0","name":"eventBus"}}
{"__type":"$$EventMessageRunner","id":"f495bbbf-914b-486f-b756-18554b9046c0","ts":"2026-06-27T23:56:33.086-05:00","eventName":"n8n.runner.response.received","message":"n8n.runner.response.received","payload":{"taskId":"exg1KV57","nodeId":"32d04367-e652-4576-96c4-80aed52d7f95","workflowId":"oUPx0e5fOPGgvylT","executionId":"173"}}
{"__type":"$$EventMessageConfirm","confirm":"f495bbbf-914b-486f-b756-18554b9046c0","ts":"2026-06-27T23:56:33.086-05:00","source":{"id":"0","name":"eventBus"}}
{"__type":"$$EventMessageNode","id":"697bc660-4654-484b-b87b-13d3505af490","ts":"2026-06-27T23:56:33.086-05:00","eventName":"n8n.node.finished","message":"n8n.node.finished","payload":{"workflowId":"oUPx0e5fOPGgvylT","workflowName":"My workflow","executionId":"173","nodeType":"n8n-nodes-base.code","nodeName":"Extraer Consumo (Bodega)","nodeId":"32d04367-e652-4576-96c4-80aed52d7f95"}}
{"__type":"$$EventMessageConfirm","confirm":"697bc660-4654-484b-b87b-13d3505af490","ts":"2026-06-27T23:56:33.086-05:00","source":{"id":"0","name":"eventBus"}}
{"__type":"$$EventMessageNode","id":"720fe7c0-0c6e-4be8-83d1-424e1a150e12","ts":"2026-06-27T23:56:33.086-05:00","eventName":"n8n.node.started","message":"n8n.node.started","payload":{"workflowId":"oUPx0e5fOPGgvylT","workflowName":"My workflow","executionId":"173","nodeType":"n8n-nodes-base.postgres","nodeName":"Descontar Stock","nodeId":"aed60a76-82c2-456f-8302-9d68abaa4d85"}}
{"__type":"$$EventMessageConfirm","confirm":"720fe7c0-0c6e-4be8-83d1-424e1a150e12","ts":"2026-06-27T23:56:33.086-05:00","source":{"id":"0","name":"eventBus"}}
{"__type":"$$EventMessageNode","id":"08453528-0fb3-44ba-85ce-847c87f45726","ts":"2026-06-27T23:56:33.151-05:00","eventName":"n8n.node.finished","message":"n8n.node.finished","payload":{"workflowId":"oUPx0e5fOPGgvylT","workflowName":"My workflow","executionId":"173","nodeType":"n8n-nodes-base.postgres","nodeName":"Descontar Stock","nodeId":"aed60a76-82c2-456f-8302-9d68abaa4d85"}}
{"__type":"$$EventMessageConfirm","confirm":"08453528-0fb3-44ba-85ce-847c87f45726","ts":"2026-06-27T23:56:33.151-05:00","source":{"id":"0","name":"eventBus"}}
{"__type":"$$EventMessageNode","id":"00044701-4349-43ef-b527-dc7fcaa1857b","ts":"2026-06-27T23:56:33.152-05:00","eventName":"n8n.node.started","message":"n8n.node.started","payload":{"workflowId":"oUPx0e5fOPGgvylT","workflowName":"My workflow","executionId":"173","nodeType":"n8n-nodes-base.postgres","nodeName":"Insertar Cabecera Pedido","nodeId":"b70ae773-3136-4f89-b186-48c0bd513abc"}}
{"__type":"$$EventMessageConfirm","confirm":"00044701-4349-43ef-b527-dc7fcaa1857b","ts":"2026-06-27T23:56:33.152-05:00","source":{"id":"0","name":"eventBus"}}
{"__type":"$$EventMessageNode","id":"85d7453a-aaab-47f4-8959-4431992bf73f","ts":"2026-06-27T23:56:33.162-05:00","eventName":"n8n.node.finished","message":"n8n.node.finished","payload":{"workflowId":"oUPx0e5fOPGgvylT","workflowName":"My workflow","executionId":"173","nodeType":"n8n-nodes-base.postgres","nodeName":"Insertar Cabecera Pedido","nodeId":"b70ae773-3136-4f89-b186-48c0bd513abc"}}
{"__type":"$$EventMessageConfirm","confirm":"85d7453a-aaab-47f4-8959-4431992bf73f","ts":"2026-06-27T23:56:33.162-05:00","source":{"id":"0","name":"eventBus"}}
{"__type":"$$EventMessageNode","id":"65657259-56eb-488b-af2a-8a3a55c7fe35","ts":"2026-06-27T23:56:33.162-05:00","eventName":"n8n.node.started","message":"n8n.node.started","payload":{"workflowId":"oUPx0e5fOPGgvylT","workflowName":"My workflow","executionId":"173","nodeType":"n8n-nodes-base.set","nodeName":"Edit Fields","nodeId":"68405ab2-f60e-41a4-9d37-35d47de4936e"}}
{"__type":"$$EventMessageConfirm","confirm":"65657259-56eb-488b-af2a-8a3a55c7fe35","ts":"2026-06-27T23:56:33.162-05:00","source":{"id":"0","name":"eventBus"}}
{"__type":"$$EventMessageNode","id":"edb6f464-5d10-404e-b01f-624b0242c4fe","ts":"2026-06-27T23:56:33.163-05:00","eventName":"n8n.node.finished","message":"n8n.node.finished","payload":{"workflowId":"oUPx0e5fOPGgvylT","workflowName":"My workflow","executionId":"173","nodeType":"n8n-nodes-base.set","nodeName":"Edit Fields","nodeId":"68405ab2-f60e-41a4-9d37-35d47de4936e"}}
{"__type":"$$EventMessageConfirm","confirm":"edb6f464-5d10-404e-b01f-624b0242c4fe","ts":"2026-06-27T23:56:33.163-05:00","source":{"id":"0","name":"eventBus"}}
{"__type":"$$EventMessageNode","id":"13896065-4e11-427b-9db4-8ef40217f562","ts":"2026-06-27T23:56:33.163-05:00","eventName":"n8n.node.started","message":"n8n.node.started","payload":{"workflowId":"oUPx0e5fOPGgvylT","workflowName":"My workflow","executionId":"173","nodeType":"n8n-nodes-base.splitOut","nodeName":"Split Out","nodeId":"a684a599-9806-4670-8e45-8b2176608639"}}
{"__type":"$$EventMessageConfirm","confirm":"13896065-4e11-427b-9db4-8ef40217f562","ts":"2026-06-27T23:56:33.163-05:00","source":{"id":"0","name":"eventBus"}}
{"__type":"$$EventMessageNode","id":"c0d87496-8935-4867-8b44-f23cd5464de9","ts":"2026-06-27T23:56:33.163-05:00","eventName":"n8n.node.finished","message":"n8n.node.finished","payload":{"workflowId":"oUPx0e5fOPGgvylT","workflowName":"My workflow","executionId":"173","nodeType":"n8n-nodes-base.splitOut","nodeName":"Split Out","nodeId":"a684a599-9806-4670-8e45-8b2176608639"}}
{"__type":"$$EventMessageConfirm","confirm":"c0d87496-8935-4867-8b44-f23cd5464de9","ts":"2026-06-27T23:56:33.163-05:00","source":{"id":"0","name":"eventBus"}}
{"__type":"$$EventMessageNode","id":"8ded38de-d356-449d-9755-6f2522f88ac5","ts":"2026-06-27T23:56:33.163-05:00","eventName":"n8n.node.started","message":"n8n.node.started","payload":{"workflowId":"oUPx0e5fOPGgvylT","workflowName":"My workflow","executionId":"173","nodeType":"n8n-nodes-base.postgres","nodeName":"Insertar Detalle Final","nodeId":"c7187cf2-b5e1-40c1-8161-a553052a3098"}}
{"__type":"$$EventMessageConfirm","confirm":"8ded38de-d356-449d-9755-6f2522f88ac5","ts":"2026-06-27T23:56:33.163-05:00","source":{"id":"0","name":"eventBus"}}
{"__type":"$$EventMessageNode","id":"97a7da04-4981-47c5-8012-ed6529d6a8f7","ts":"2026-06-27T23:56:33.174-05:00","eventName":"n8n.node.finished","message":"n8n.node.finished","payload":{"workflowId":"oUPx0e5fOPGgvylT","workflowName":"My workflow","executionId":"173","nodeType":"n8n-nodes-base.postgres","nodeName":"Insertar Detalle Final","nodeId":"c7187cf2-b5e1-40c1-8161-a553052a3098"}}
{"__type":"$$EventMessageConfirm","confirm":"97a7da04-4981-47c5-8012-ed6529d6a8f7","ts":"2026-06-27T23:56:33.174-05:00","source":{"id":"0","name":"eventBus"}}
{"__type":"$$EventMessageWorkflow","id":"7170cbe8-3f68-46c8-b594-105caeb4ad88","ts":"2026-06-27T23:56:33.174-05:00","eventName":"n8n.workflow.success","message":"n8n.workflow.success","payload":{"executionId":"173","success":true,"isManual":false,"mode":"webhook","workflowId":"oUPx0e5fOPGgvylT","workflowName":"My workflow","projectId":"b7xQvhxULCJHHqbW","projectName":"paul steve stevetamayo7@gmail.com <stevetamayo7@gmail.com>"}}
{"__type":"$$EventMessageConfirm","confirm":"7170cbe8-3f68-46c8-b594-105caeb4ad88","ts":"2026-06-27T23:56:33.174-05:00","source":{"id":"0","name":"eventBus"}}
