{"__type":"$$EventMessageAudit","id":"5517f3d5-e4e6-40a2-a847-118d93c607d0","ts":"2026-06-29T02:29:10.777-05:00","eventName":"n8n.audit.workflow.activated","message":"n8n.audit.workflow.activated","payload":{"workflowId":"oUPx0e5fOPGgvylT","workflowName":"My workflow","activeVersionId":"5266f77b-cfa5-4fa9-ad9e-0808160ed4f3","activationMode":"init"}}
{"__type":"$$EventMessageConfirm","confirm":"5517f3d5-e4e6-40a2-a847-118d93c607d0","ts":"2026-06-29T02:29:10.777-05:00","source":{"id":"0","name":"eventBus"}}
{"__type":"$$EventMessageAudit","id":"ae8b2e56-d165-4901-99be-25873dbb9c7a","ts":"2026-06-29T02:29:46.648-05:00","eventName":"n8n.audit.workflow.executed","message":"n8n.audit.workflow.executed","payload":{"workflowId":"oUPx0e5fOPGgvylT","workflowName":"My workflow","executionId":"184","source":"webhook"}}
{"__type":"$$EventMessageConfirm","confirm":"ae8b2e56-d165-4901-99be-25873dbb9c7a","ts":"2026-06-29T02:29:46.648-05:00","source":{"id":"0","name":"eventBus"}}
{"__type":"$$EventMessageWorkflow","id":"f41a260c-14da-4bc0-99a7-19dbb83ae8d6","ts":"2026-06-29T02:29:46.649-05:00","eventName":"n8n.workflow.started","message":"n8n.workflow.started","payload":{"executionId":"184","workflowId":"oUPx0e5fOPGgvylT","isManual":false,"mode":"webhook","workflowName":"My workflow","projectId":"b7xQvhxULCJHHqbW","projectName":"paul steve stevetamayo7@gmail.com <stevetamayo7@gmail.com>"}}
{"__type":"$$EventMessageConfirm","confirm":"f41a260c-14da-4bc0-99a7-19dbb83ae8d6","ts":"2026-06-29T02:29:46.649-05:00","source":{"id":"0","name":"eventBus"}}
{"__type":"$$EventMessageNode","id":"0a034318-3aa2-485e-b61d-a80d7602b162","ts":"2026-06-29T02:29:46.649-05:00","eventName":"n8n.node.started","message":"n8n.node.started","payload":{"workflowId":"oUPx0e5fOPGgvylT","workflowName":"My workflow","executionId":"184","nodeType":"n8n-nodes-base.webhook","nodeName":"Webhook","nodeId":"f1135c5d-ea3b-4d5c-8bdc-9fa7d996426e"}}
{"__type":"$$EventMessageConfirm","confirm":"0a034318-3aa2-485e-b61d-a80d7602b162","ts":"2026-06-29T02:29:46.649-05:00","source":{"id":"0","name":"eventBus"}}
{"__type":"$$EventMessageNode","id":"d007bacf-4242-49a8-9295-d0d27a713df1","ts":"2026-06-29T02:29:46.651-05:00","eventName":"n8n.node.finished","message":"n8n.node.finished","payload":{"workflowId":"oUPx0e5fOPGgvylT","workflowName":"My workflow","executionId":"184","nodeType":"n8n-nodes-base.webhook","nodeName":"Webhook","nodeId":"f1135c5d-ea3b-4d5c-8bdc-9fa7d996426e"}}
{"__type":"$$EventMessageConfirm","confirm":"d007bacf-4242-49a8-9295-d0d27a713df1","ts":"2026-06-29T02:29:46.651-05:00","source":{"id":"0","name":"eventBus"}}
{"__type":"$$EventMessageNode","id":"ed612436-b508-4185-9230-3f5c907edc16","ts":"2026-06-29T02:29:46.652-05:00","eventName":"n8n.node.started","message":"n8n.node.started","payload":{"workflowId":"oUPx0e5fOPGgvylT","workflowName":"My workflow","executionId":"184","nodeType":"n8n-nodes-base.code","nodeName":"Extraer Consumo (Bodega)","nodeId":"32d04367-e652-4576-96c4-80aed52d7f95"}}
{"__type":"$$EventMessageConfirm","confirm":"ed612436-b508-4185-9230-3f5c907edc16","ts":"2026-06-29T02:29:46.652-05:00","source":{"id":"0","name":"eventBus"}}
{"__type":"$$EventMessageRunner","id":"6ccb0bd5-c2b8-47de-ad1c-f813a7110765","ts":"2026-06-29T02:29:46.656-05:00","eventName":"n8n.runner.task.requested","message":"n8n.runner.task.requested","payload":{"taskId":"rdntd97A","nodeId":"32d04367-e652-4576-96c4-80aed52d7f95","workflowId":"oUPx0e5fOPGgvylT","executionId":"184"}}
{"__type":"$$EventMessageConfirm","confirm":"6ccb0bd5-c2b8-47de-ad1c-f813a7110765","ts":"2026-06-29T02:29:46.656-05:00","source":{"id":"0","name":"eventBus"}}
{"__type":"$$EventMessageRunner","id":"78026520-3295-45f9-b62c-fc6bf12b074a","ts":"2026-06-29T02:29:46.712-05:00","eventName":"n8n.runner.response.received","message":"n8n.runner.response.received","payload":{"taskId":"rdntd97A","nodeId":"32d04367-e652-4576-96c4-80aed52d7f95","workflowId":"oUPx0e5fOPGgvylT","executionId":"184"}}
{"__type":"$$EventMessageConfirm","confirm":"78026520-3295-45f9-b62c-fc6bf12b074a","ts":"2026-06-29T02:29:46.712-05:00","source":{"id":"0","name":"eventBus"}}
{"__type":"$$EventMessageNode","id":"578656f9-2878-44df-95fd-b02f4aaf0e80","ts":"2026-06-29T02:29:46.712-05:00","eventName":"n8n.node.finished","message":"n8n.node.finished","payload":{"workflowId":"oUPx0e5fOPGgvylT","workflowName":"My workflow","executionId":"184","nodeType":"n8n-nodes-base.code","nodeName":"Extraer Consumo (Bodega)","nodeId":"32d04367-e652-4576-96c4-80aed52d7f95"}}
{"__type":"$$EventMessageConfirm","confirm":"578656f9-2878-44df-95fd-b02f4aaf0e80","ts":"2026-06-29T02:29:46.712-05:00","source":{"id":"0","name":"eventBus"}}
{"__type":"$$EventMessageNode","id":"16b90441-0f96-416c-9d03-e554550646b3","ts":"2026-06-29T02:29:46.712-05:00","eventName":"n8n.node.started","message":"n8n.node.started","payload":{"workflowId":"oUPx0e5fOPGgvylT","workflowName":"My workflow","executionId":"184","nodeType":"n8n-nodes-base.postgres","nodeName":"Descontar Stock","nodeId":"aed60a76-82c2-456f-8302-9d68abaa4d85"}}
{"__type":"$$EventMessageConfirm","confirm":"16b90441-0f96-416c-9d03-e554550646b3","ts":"2026-06-29T02:29:46.712-05:00","source":{"id":"0","name":"eventBus"}}
{"__type":"$$EventMessageNode","id":"467f0d4e-0d40-4a47-8cce-fc3245a252ca","ts":"2026-06-29T02:29:46.817-05:00","eventName":"n8n.node.finished","message":"n8n.node.finished","payload":{"workflowId":"oUPx0e5fOPGgvylT","workflowName":"My workflow","executionId":"184","nodeType":"n8n-nodes-base.postgres","nodeName":"Descontar Stock","nodeId":"aed60a76-82c2-456f-8302-9d68abaa4d85"}}
{"__type":"$$EventMessageConfirm","confirm":"467f0d4e-0d40-4a47-8cce-fc3245a252ca","ts":"2026-06-29T02:29:46.817-05:00","source":{"id":"0","name":"eventBus"}}
{"__type":"$$EventMessageNode","id":"b6eb2b7a-cadd-4c49-b18b-f61aa92d63b0","ts":"2026-06-29T02:29:46.817-05:00","eventName":"n8n.node.started","message":"n8n.node.started","payload":{"workflowId":"oUPx0e5fOPGgvylT","workflowName":"My workflow","executionId":"184","nodeType":"n8n-nodes-base.postgres","nodeName":"Insertar Cabecera Pedido","nodeId":"b70ae773-3136-4f89-b186-48c0bd513abc"}}
{"__type":"$$EventMessageConfirm","confirm":"b6eb2b7a-cadd-4c49-b18b-f61aa92d63b0","ts":"2026-06-29T02:29:46.817-05:00","source":{"id":"0","name":"eventBus"}}
{"__type":"$$EventMessageNode","id":"9389f771-322b-4c09-864e-7e6754054cbc","ts":"2026-06-29T02:29:46.843-05:00","eventName":"n8n.node.finished","message":"n8n.node.finished","payload":{"workflowId":"oUPx0e5fOPGgvylT","workflowName":"My workflow","executionId":"184","nodeType":"n8n-nodes-base.postgres","nodeName":"Insertar Cabecera Pedido","nodeId":"b70ae773-3136-4f89-b186-48c0bd513abc"}}
{"__type":"$$EventMessageConfirm","confirm":"9389f771-322b-4c09-864e-7e6754054cbc","ts":"2026-06-29T02:29:46.843-05:00","source":{"id":"0","name":"eventBus"}}
{"__type":"$$EventMessageNode","id":"2f4dfb09-15b9-4c89-835f-73f2a5c4e058","ts":"2026-06-29T02:29:46.843-05:00","eventName":"n8n.node.started","message":"n8n.node.started","payload":{"workflowId":"oUPx0e5fOPGgvylT","workflowName":"My workflow","executionId":"184","nodeType":"n8n-nodes-base.set","nodeName":"Edit Fields","nodeId":"68405ab2-f60e-41a4-9d37-35d47de4936e"}}
{"__type":"$$EventMessageConfirm","confirm":"2f4dfb09-15b9-4c89-835f-73f2a5c4e058","ts":"2026-06-29T02:29:46.843-05:00","source":{"id":"0","name":"eventBus"}}
{"__type":"$$EventMessageNode","id":"4068c799-5a6b-4693-9190-6173815eed8f","ts":"2026-06-29T02:29:46.850-05:00","eventName":"n8n.node.finished","message":"n8n.node.finished","payload":{"workflowId":"oUPx0e5fOPGgvylT","workflowName":"My workflow","executionId":"184","nodeType":"n8n-nodes-base.set","nodeName":"Edit Fields","nodeId":"68405ab2-f60e-41a4-9d37-35d47de4936e"}}
{"__type":"$$EventMessageConfirm","confirm":"4068c799-5a6b-4693-9190-6173815eed8f","ts":"2026-06-29T02:29:46.850-05:00","source":{"id":"0","name":"eventBus"}}
{"__type":"$$EventMessageNode","id":"cc176fc2-a423-42c8-beb5-ac11ee7df40a","ts":"2026-06-29T02:29:46.851-05:00","eventName":"n8n.node.started","message":"n8n.node.started","payload":{"workflowId":"oUPx0e5fOPGgvylT","workflowName":"My workflow","executionId":"184","nodeType":"n8n-nodes-base.splitOut","nodeName":"Split Out","nodeId":"a684a599-9806-4670-8e45-8b2176608639"}}
{"__type":"$$EventMessageConfirm","confirm":"cc176fc2-a423-42c8-beb5-ac11ee7df40a","ts":"2026-06-29T02:29:46.851-05:00","source":{"id":"0","name":"eventBus"}}
{"__type":"$$EventMessageNode","id":"e04e15f5-9ff4-4c23-8885-09911904642e","ts":"2026-06-29T02:29:46.852-05:00","eventName":"n8n.node.finished","message":"n8n.node.finished","payload":{"workflowId":"oUPx0e5fOPGgvylT","workflowName":"My workflow","executionId":"184","nodeType":"n8n-nodes-base.splitOut","nodeName":"Split Out","nodeId":"a684a599-9806-4670-8e45-8b2176608639"}}
{"__type":"$$EventMessageConfirm","confirm":"e04e15f5-9ff4-4c23-8885-09911904642e","ts":"2026-06-29T02:29:46.852-05:00","source":{"id":"0","name":"eventBus"}}
{"__type":"$$EventMessageNode","id":"3dd4d8f4-a192-4e9d-b95c-e98d3914f5bd","ts":"2026-06-29T02:29:46.852-05:00","eventName":"n8n.node.started","message":"n8n.node.started","payload":{"workflowId":"oUPx0e5fOPGgvylT","workflowName":"My workflow","executionId":"184","nodeType":"n8n-nodes-base.postgres","nodeName":"Insertar Detalle Final","nodeId":"c7187cf2-b5e1-40c1-8161-a553052a3098"}}
{"__type":"$$EventMessageConfirm","confirm":"3dd4d8f4-a192-4e9d-b95c-e98d3914f5bd","ts":"2026-06-29T02:29:46.852-05:00","source":{"id":"0","name":"eventBus"}}
{"__type":"$$EventMessageNode","id":"51e27c22-bc08-4143-b94b-ba2ac5f3099d","ts":"2026-06-29T02:29:46.886-05:00","eventName":"n8n.node.finished","message":"n8n.node.finished","payload":{"workflowId":"oUPx0e5fOPGgvylT","workflowName":"My workflow","executionId":"184","nodeType":"n8n-nodes-base.postgres","nodeName":"Insertar Detalle Final","nodeId":"c7187cf2-b5e1-40c1-8161-a553052a3098"}}
{"__type":"$$EventMessageConfirm","confirm":"51e27c22-bc08-4143-b94b-ba2ac5f3099d","ts":"2026-06-29T02:29:46.886-05:00","source":{"id":"0","name":"eventBus"}}
{"__type":"$$EventMessageWorkflow","id":"8012d902-84db-41f5-9a35-d20175446a36","ts":"2026-06-29T02:29:46.887-05:00","eventName":"n8n.workflow.success","message":"n8n.workflow.success","payload":{"executionId":"184","success":true,"isManual":false,"mode":"webhook","workflowId":"oUPx0e5fOPGgvylT","workflowName":"My workflow","projectId":"b7xQvhxULCJHHqbW","projectName":"paul steve stevetamayo7@gmail.com <stevetamayo7@gmail.com>"}}
{"__type":"$$EventMessageConfirm","confirm":"8012d902-84db-41f5-9a35-d20175446a36","ts":"2026-06-29T02:29:46.888-05:00","source":{"id":"0","name":"eventBus"}}
{"__type":"$$EventMessageAudit","id":"f6c0f32d-c3d3-4164-8b1f-1d9f881700af","ts":"2026-06-29T02:38:47.944-05:00","eventName":"n8n.audit.workflow.executed","message":"n8n.audit.workflow.executed","payload":{"workflowId":"oUPx0e5fOPGgvylT","workflowName":"My workflow","executionId":"185","source":"webhook"}}
{"__type":"$$EventMessageConfirm","confirm":"f6c0f32d-c3d3-4164-8b1f-1d9f881700af","ts":"2026-06-29T02:38:47.944-05:00","source":{"id":"0","name":"eventBus"}}
{"__type":"$$EventMessageWorkflow","id":"84349192-c5b5-4093-94fb-8f7be516d14d","ts":"2026-06-29T02:38:47.944-05:00","eventName":"n8n.workflow.started","message":"n8n.workflow.started","payload":{"executionId":"185","workflowId":"oUPx0e5fOPGgvylT","isManual":false,"mode":"webhook","workflowName":"My workflow","projectId":"b7xQvhxULCJHHqbW","projectName":"paul steve stevetamayo7@gmail.com <stevetamayo7@gmail.com>"}}
{"__type":"$$EventMessageConfirm","confirm":"84349192-c5b5-4093-94fb-8f7be516d14d","ts":"2026-06-29T02:38:47.944-05:00","source":{"id":"0","name":"eventBus"}}
{"__type":"$$EventMessageNode","id":"0975a56b-2212-468a-bab0-7b29c6891212","ts":"2026-06-29T02:38:47.944-05:00","eventName":"n8n.node.started","message":"n8n.node.started","payload":{"workflowId":"oUPx0e5fOPGgvylT","workflowName":"My workflow","executionId":"185","nodeType":"n8n-nodes-base.webhook","nodeName":"Webhook","nodeId":"f1135c5d-ea3b-4d5c-8bdc-9fa7d996426e"}}
{"__type":"$$EventMessageConfirm","confirm":"0975a56b-2212-468a-bab0-7b29c6891212","ts":"2026-06-29T02:38:47.944-05:00","source":{"id":"0","name":"eventBus"}}
{"__type":"$$EventMessageNode","id":"fd0fe36f-04f6-4e0d-bc7a-abc75123eeee","ts":"2026-06-29T02:38:47.944-05:00","eventName":"n8n.node.finished","message":"n8n.node.finished","payload":{"workflowId":"oUPx0e5fOPGgvylT","workflowName":"My workflow","executionId":"185","nodeType":"n8n-nodes-base.webhook","nodeName":"Webhook","nodeId":"f1135c5d-ea3b-4d5c-8bdc-9fa7d996426e"}}
{"__type":"$$EventMessageConfirm","confirm":"fd0fe36f-04f6-4e0d-bc7a-abc75123eeee","ts":"2026-06-29T02:38:47.944-05:00","source":{"id":"0","name":"eventBus"}}
{"__type":"$$EventMessageNode","id":"5fece94f-7950-4329-9c68-ee7159b05a30","ts":"2026-06-29T02:38:47.945-05:00","eventName":"n8n.node.started","message":"n8n.node.started","payload":{"workflowId":"oUPx0e5fOPGgvylT","workflowName":"My workflow","executionId":"185","nodeType":"n8n-nodes-base.code","nodeName":"Extraer Consumo (Bodega)","nodeId":"32d04367-e652-4576-96c4-80aed52d7f95"}}
{"__type":"$$EventMessageConfirm","confirm":"5fece94f-7950-4329-9c68-ee7159b05a30","ts":"2026-06-29T02:38:47.945-05:00","source":{"id":"0","name":"eventBus"}}
{"__type":"$$EventMessageRunner","id":"1eeaabbf-8601-46a5-928b-8e9c9cb5b144","ts":"2026-06-29T02:38:47.945-05:00","eventName":"n8n.runner.task.requested","message":"n8n.runner.task.requested","payload":{"taskId":"46UhKXpJ","nodeId":"32d04367-e652-4576-96c4-80aed52d7f95","workflowId":"oUPx0e5fOPGgvylT","executionId":"185"}}
{"__type":"$$EventMessageConfirm","confirm":"1eeaabbf-8601-46a5-928b-8e9c9cb5b144","ts":"2026-06-29T02:38:47.945-05:00","source":{"id":"0","name":"eventBus"}}
{"__type":"$$EventMessageRunner","id":"90f9e2c3-86c2-4da6-9f51-e692708e95b3","ts":"2026-06-29T02:38:47.949-05:00","eventName":"n8n.runner.response.received","message":"n8n.runner.response.received","payload":{"taskId":"46UhKXpJ","nodeId":"32d04367-e652-4576-96c4-80aed52d7f95","workflowId":"oUPx0e5fOPGgvylT","executionId":"185"}}
{"__type":"$$EventMessageConfirm","confirm":"90f9e2c3-86c2-4da6-9f51-e692708e95b3","ts":"2026-06-29T02:38:47.949-05:00","source":{"id":"0","name":"eventBus"}}
{"__type":"$$EventMessageNode","id":"1727c161-17f0-4bf5-96d8-9b9fe453a039","ts":"2026-06-29T02:38:47.949-05:00","eventName":"n8n.node.finished","message":"n8n.node.finished","payload":{"workflowId":"oUPx0e5fOPGgvylT","workflowName":"My workflow","executionId":"185","nodeType":"n8n-nodes-base.code","nodeName":"Extraer Consumo (Bodega)","nodeId":"32d04367-e652-4576-96c4-80aed52d7f95"}}
{"__type":"$$EventMessageConfirm","confirm":"1727c161-17f0-4bf5-96d8-9b9fe453a039","ts":"2026-06-29T02:38:47.949-05:00","source":{"id":"0","name":"eventBus"}}
{"__type":"$$EventMessageNode","id":"59551b5b-1797-4c4a-9c6f-354a51734a2f","ts":"2026-06-29T02:38:47.950-05:00","eventName":"n8n.node.started","message":"n8n.node.started","payload":{"workflowId":"oUPx0e5fOPGgvylT","workflowName":"My workflow","executionId":"185","nodeType":"n8n-nodes-base.postgres","nodeName":"Descontar Stock","nodeId":"aed60a76-82c2-456f-8302-9d68abaa4d85"}}
{"__type":"$$EventMessageConfirm","confirm":"59551b5b-1797-4c4a-9c6f-354a51734a2f","ts":"2026-06-29T02:38:47.950-05:00","source":{"id":"0","name":"eventBus"}}
{"__type":"$$EventMessageNode","id":"bda55f25-4199-45a4-99e4-e086421c81da","ts":"2026-06-29T02:38:48.016-05:00","eventName":"n8n.node.finished","message":"n8n.node.finished","payload":{"workflowId":"oUPx0e5fOPGgvylT","workflowName":"My workflow","executionId":"185","nodeType":"n8n-nodes-base.postgres","nodeName":"Descontar Stock","nodeId":"aed60a76-82c2-456f-8302-9d68abaa4d85"}}
{"__type":"$$EventMessageConfirm","confirm":"bda55f25-4199-45a4-99e4-e086421c81da","ts":"2026-06-29T02:38:48.016-05:00","source":{"id":"0","name":"eventBus"}}
{"__type":"$$EventMessageNode","id":"03c72959-cc40-4a17-ad08-d036b5de345b","ts":"2026-06-29T02:38:48.016-05:00","eventName":"n8n.node.started","message":"n8n.node.started","payload":{"workflowId":"oUPx0e5fOPGgvylT","workflowName":"My workflow","executionId":"185","nodeType":"n8n-nodes-base.postgres","nodeName":"Insertar Cabecera Pedido","nodeId":"b70ae773-3136-4f89-b186-48c0bd513abc"}}
{"__type":"$$EventMessageConfirm","confirm":"03c72959-cc40-4a17-ad08-d036b5de345b","ts":"2026-06-29T02:38:48.016-05:00","source":{"id":"0","name":"eventBus"}}
{"__type":"$$EventMessageNode","id":"1f3659ba-8f88-4fcc-8aa1-014e625182f0","ts":"2026-06-29T02:38:48.089-05:00","eventName":"n8n.node.finished","message":"n8n.node.finished","payload":{"workflowId":"oUPx0e5fOPGgvylT","workflowName":"My workflow","executionId":"185","nodeType":"n8n-nodes-base.postgres","nodeName":"Insertar Cabecera Pedido","nodeId":"b70ae773-3136-4f89-b186-48c0bd513abc"}}
{"__type":"$$EventMessageConfirm","confirm":"1f3659ba-8f88-4fcc-8aa1-014e625182f0","ts":"2026-06-29T02:38:48.089-05:00","source":{"id":"0","name":"eventBus"}}
{"__type":"$$EventMessageNode","id":"7e71f7e6-82bb-496b-a550-375bc569f2f7","ts":"2026-06-29T02:38:48.089-05:00","eventName":"n8n.node.started","message":"n8n.node.started","payload":{"workflowId":"oUPx0e5fOPGgvylT","workflowName":"My workflow","executionId":"185","nodeType":"n8n-nodes-base.set","nodeName":"Edit Fields","nodeId":"68405ab2-f60e-41a4-9d37-35d47de4936e"}}
{"__type":"$$EventMessageConfirm","confirm":"7e71f7e6-82bb-496b-a550-375bc569f2f7","ts":"2026-06-29T02:38:48.089-05:00","source":{"id":"0","name":"eventBus"}}
{"__type":"$$EventMessageNode","id":"ac610fce-096b-4603-849d-d4e212392f7e","ts":"2026-06-29T02:38:48.090-05:00","eventName":"n8n.node.finished","message":"n8n.node.finished","payload":{"workflowId":"oUPx0e5fOPGgvylT","workflowName":"My workflow","executionId":"185","nodeType":"n8n-nodes-base.set","nodeName":"Edit Fields","nodeId":"68405ab2-f60e-41a4-9d37-35d47de4936e"}}
{"__type":"$$EventMessageConfirm","confirm":"ac610fce-096b-4603-849d-d4e212392f7e","ts":"2026-06-29T02:38:48.090-05:00","source":{"id":"0","name":"eventBus"}}
{"__type":"$$EventMessageNode","id":"dbf1524c-664f-467d-bd35-508ec611cac0","ts":"2026-06-29T02:38:48.090-05:00","eventName":"n8n.node.started","message":"n8n.node.started","payload":{"workflowId":"oUPx0e5fOPGgvylT","workflowName":"My workflow","executionId":"185","nodeType":"n8n-nodes-base.splitOut","nodeName":"Split Out","nodeId":"a684a599-9806-4670-8e45-8b2176608639"}}
{"__type":"$$EventMessageConfirm","confirm":"dbf1524c-664f-467d-bd35-508ec611cac0","ts":"2026-06-29T02:38:48.090-05:00","source":{"id":"0","name":"eventBus"}}
{"__type":"$$EventMessageNode","id":"b9259bef-234b-47e9-9547-b2fe5ab58b12","ts":"2026-06-29T02:38:48.090-05:00","eventName":"n8n.node.finished","message":"n8n.node.finished","payload":{"workflowId":"oUPx0e5fOPGgvylT","workflowName":"My workflow","executionId":"185","nodeType":"n8n-nodes-base.splitOut","nodeName":"Split Out","nodeId":"a684a599-9806-4670-8e45-8b2176608639"}}
{"__type":"$$EventMessageConfirm","confirm":"b9259bef-234b-47e9-9547-b2fe5ab58b12","ts":"2026-06-29T02:38:48.090-05:00","source":{"id":"0","name":"eventBus"}}
{"__type":"$$EventMessageNode","id":"ef0bc368-a583-4bb8-b309-9029d8a1450a","ts":"2026-06-29T02:38:48.090-05:00","eventName":"n8n.node.started","message":"n8n.node.started","payload":{"workflowId":"oUPx0e5fOPGgvylT","workflowName":"My workflow","executionId":"185","nodeType":"n8n-nodes-base.postgres","nodeName":"Insertar Detalle Final","nodeId":"c7187cf2-b5e1-40c1-8161-a553052a3098"}}
{"__type":"$$EventMessageConfirm","confirm":"ef0bc368-a583-4bb8-b309-9029d8a1450a","ts":"2026-06-29T02:38:48.090-05:00","source":{"id":"0","name":"eventBus"}}
{"__type":"$$EventMessageNode","id":"fceaf9bb-dd12-4d8d-bcd0-20d8cc887135","ts":"2026-06-29T02:38:48.118-05:00","eventName":"n8n.node.finished","message":"n8n.node.finished","payload":{"workflowId":"oUPx0e5fOPGgvylT","workflowName":"My workflow","executionId":"185","nodeType":"n8n-nodes-base.postgres","nodeName":"Insertar Detalle Final","nodeId":"c7187cf2-b5e1-40c1-8161-a553052a3098"}}
{"__type":"$$EventMessageConfirm","confirm":"fceaf9bb-dd12-4d8d-bcd0-20d8cc887135","ts":"2026-06-29T02:38:48.118-05:00","source":{"id":"0","name":"eventBus"}}
{"__type":"$$EventMessageWorkflow","id":"ac6ceecb-5b03-45b5-8918-4c20ab0a6027","ts":"2026-06-29T02:38:48.118-05:00","eventName":"n8n.workflow.success","message":"n8n.workflow.success","payload":{"executionId":"185","success":true,"isManual":false,"mode":"webhook","workflowId":"oUPx0e5fOPGgvylT","workflowName":"My workflow","projectId":"b7xQvhxULCJHHqbW","projectName":"paul steve stevetamayo7@gmail.com <stevetamayo7@gmail.com>"}}
{"__type":"$$EventMessageConfirm","confirm":"ac6ceecb-5b03-45b5-8918-4c20ab0a6027","ts":"2026-06-29T02:38:48.118-05:00","source":{"id":"0","name":"eventBus"}}
{"__type":"$$EventMessageAudit","id":"a4b982a0-d86f-4a6d-972b-291c7bf9838d","ts":"2026-06-29T02:42:11.964-05:00","eventName":"n8n.audit.workflow.executed","message":"n8n.audit.workflow.executed","payload":{"workflowId":"oUPx0e5fOPGgvylT","workflowName":"My workflow","executionId":"186","source":"webhook"}}
{"__type":"$$EventMessageConfirm","confirm":"a4b982a0-d86f-4a6d-972b-291c7bf9838d","ts":"2026-06-29T02:42:11.964-05:00","source":{"id":"0","name":"eventBus"}}
{"__type":"$$EventMessageWorkflow","id":"93fdf116-f6fd-4979-b319-1be7f2e70efe","ts":"2026-06-29T02:42:11.964-05:00","eventName":"n8n.workflow.started","message":"n8n.workflow.started","payload":{"executionId":"186","workflowId":"oUPx0e5fOPGgvylT","isManual":false,"mode":"webhook","workflowName":"My workflow","projectId":"b7xQvhxULCJHHqbW","projectName":"paul steve stevetamayo7@gmail.com <stevetamayo7@gmail.com>"}}
{"__type":"$$EventMessageConfirm","confirm":"93fdf116-f6fd-4979-b319-1be7f2e70efe","ts":"2026-06-29T02:42:11.964-05:00","source":{"id":"0","name":"eventBus"}}
{"__type":"$$EventMessageNode","id":"e6f01f31-3e35-45d9-b5fc-dacd5db36ca1","ts":"2026-06-29T02:42:11.964-05:00","eventName":"n8n.node.started","message":"n8n.node.started","payload":{"workflowId":"oUPx0e5fOPGgvylT","workflowName":"My workflow","executionId":"186","nodeType":"n8n-nodes-base.webhook","nodeName":"Webhook","nodeId":"f1135c5d-ea3b-4d5c-8bdc-9fa7d996426e"}}
{"__type":"$$EventMessageConfirm","confirm":"e6f01f31-3e35-45d9-b5fc-dacd5db36ca1","ts":"2026-06-29T02:42:11.964-05:00","source":{"id":"0","name":"eventBus"}}
{"__type":"$$EventMessageNode","id":"c2e7edff-67c5-439a-9dd4-23c399ec006e","ts":"2026-06-29T02:42:11.965-05:00","eventName":"n8n.node.finished","message":"n8n.node.finished","payload":{"workflowId":"oUPx0e5fOPGgvylT","workflowName":"My workflow","executionId":"186","nodeType":"n8n-nodes-base.webhook","nodeName":"Webhook","nodeId":"f1135c5d-ea3b-4d5c-8bdc-9fa7d996426e"}}
{"__type":"$$EventMessageConfirm","confirm":"c2e7edff-67c5-439a-9dd4-23c399ec006e","ts":"2026-06-29T02:42:11.965-05:00","source":{"id":"0","name":"eventBus"}}
{"__type":"$$EventMessageNode","id":"6bf14f31-982d-4054-8677-bd64ed157314","ts":"2026-06-29T02:42:11.965-05:00","eventName":"n8n.node.started","message":"n8n.node.started","payload":{"workflowId":"oUPx0e5fOPGgvylT","workflowName":"My workflow","executionId":"186","nodeType":"n8n-nodes-base.code","nodeName":"Extraer Consumo (Bodega)","nodeId":"32d04367-e652-4576-96c4-80aed52d7f95"}}
{"__type":"$$EventMessageConfirm","confirm":"6bf14f31-982d-4054-8677-bd64ed157314","ts":"2026-06-29T02:42:11.965-05:00","source":{"id":"0","name":"eventBus"}}
{"__type":"$$EventMessageRunner","id":"8afc33bd-3c64-4e5e-bd59-44c73fc98fae","ts":"2026-06-29T02:42:11.966-05:00","eventName":"n8n.runner.task.requested","message":"n8n.runner.task.requested","payload":{"taskId":"uhx6dTHE","nodeId":"32d04367-e652-4576-96c4-80aed52d7f95","workflowId":"oUPx0e5fOPGgvylT","executionId":"186"}}
{"__type":"$$EventMessageConfirm","confirm":"8afc33bd-3c64-4e5e-bd59-44c73fc98fae","ts":"2026-06-29T02:42:11.966-05:00","source":{"id":"0","name":"eventBus"}}
{"__type":"$$EventMessageRunner","id":"4c934171-cf64-4f33-9ccd-e0136f80d84b","ts":"2026-06-29T02:42:11.969-05:00","eventName":"n8n.runner.response.received","message":"n8n.runner.response.received","payload":{"taskId":"uhx6dTHE","nodeId":"32d04367-e652-4576-96c4-80aed52d7f95","workflowId":"oUPx0e5fOPGgvylT","executionId":"186"}}
{"__type":"$$EventMessageConfirm","confirm":"4c934171-cf64-4f33-9ccd-e0136f80d84b","ts":"2026-06-29T02:42:11.969-05:00","source":{"id":"0","name":"eventBus"}}
{"__type":"$$EventMessageNode","id":"079b086b-a288-4b4b-9a71-de85fe9b97e1","ts":"2026-06-29T02:42:11.969-05:00","eventName":"n8n.node.finished","message":"n8n.node.finished","payload":{"workflowId":"oUPx0e5fOPGgvylT","workflowName":"My workflow","executionId":"186","nodeType":"n8n-nodes-base.code","nodeName":"Extraer Consumo (Bodega)","nodeId":"32d04367-e652-4576-96c4-80aed52d7f95"}}
{"__type":"$$EventMessageConfirm","confirm":"079b086b-a288-4b4b-9a71-de85fe9b97e1","ts":"2026-06-29T02:42:11.970-05:00","source":{"id":"0","name":"eventBus"}}
{"__type":"$$EventMessageNode","id":"a0f94e1c-4652-4aea-ac1f-d9fc6a1956a3","ts":"2026-06-29T02:42:11.970-05:00","eventName":"n8n.node.started","message":"n8n.node.started","payload":{"workflowId":"oUPx0e5fOPGgvylT","workflowName":"My workflow","executionId":"186","nodeType":"n8n-nodes-base.postgres","nodeName":"Descontar Stock","nodeId":"aed60a76-82c2-456f-8302-9d68abaa4d85"}}
{"__type":"$$EventMessageConfirm","confirm":"a0f94e1c-4652-4aea-ac1f-d9fc6a1956a3","ts":"2026-06-29T02:42:11.970-05:00","source":{"id":"0","name":"eventBus"}}
{"__type":"$$EventMessageNode","id":"9796172c-566b-442e-98f7-5caccd801efb","ts":"2026-06-29T02:42:12.031-05:00","eventName":"n8n.node.finished","message":"n8n.node.finished","payload":{"workflowId":"oUPx0e5fOPGgvylT","workflowName":"My workflow","executionId":"186","nodeType":"n8n-nodes-base.postgres","nodeName":"Descontar Stock","nodeId":"aed60a76-82c2-456f-8302-9d68abaa4d85"}}
{"__type":"$$EventMessageConfirm","confirm":"9796172c-566b-442e-98f7-5caccd801efb","ts":"2026-06-29T02:42:12.031-05:00","source":{"id":"0","name":"eventBus"}}
{"__type":"$$EventMessageNode","id":"18a68298-e907-4fd8-9df4-8dc2ff87ace8","ts":"2026-06-29T02:42:12.031-05:00","eventName":"n8n.node.started","message":"n8n.node.started","payload":{"workflowId":"oUPx0e5fOPGgvylT","workflowName":"My workflow","executionId":"186","nodeType":"n8n-nodes-base.postgres","nodeName":"Insertar Cabecera Pedido","nodeId":"b70ae773-3136-4f89-b186-48c0bd513abc"}}
{"__type":"$$EventMessageConfirm","confirm":"18a68298-e907-4fd8-9df4-8dc2ff87ace8","ts":"2026-06-29T02:42:12.031-05:00","source":{"id":"0","name":"eventBus"}}
{"__type":"$$EventMessageNode","id":"ba8cb57b-31d5-4f26-9f8d-98a0cdcb6259","ts":"2026-06-29T02:42:12.043-05:00","eventName":"n8n.node.finished","message":"n8n.node.finished","payload":{"workflowId":"oUPx0e5fOPGgvylT","workflowName":"My workflow","executionId":"186","nodeType":"n8n-nodes-base.postgres","nodeName":"Insertar Cabecera Pedido","nodeId":"b70ae773-3136-4f89-b186-48c0bd513abc"}}
{"__type":"$$EventMessageConfirm","confirm":"ba8cb57b-31d5-4f26-9f8d-98a0cdcb6259","ts":"2026-06-29T02:42:12.043-05:00","source":{"id":"0","name":"eventBus"}}
{"__type":"$$EventMessageNode","id":"c2935c35-4835-40d2-b44a-2b37916483e6","ts":"2026-06-29T02:42:12.043-05:00","eventName":"n8n.node.started","message":"n8n.node.started","payload":{"workflowId":"oUPx0e5fOPGgvylT","workflowName":"My workflow","executionId":"186","nodeType":"n8n-nodes-base.set","nodeName":"Edit Fields","nodeId":"68405ab2-f60e-41a4-9d37-35d47de4936e"}}
{"__type":"$$EventMessageConfirm","confirm":"c2935c35-4835-40d2-b44a-2b37916483e6","ts":"2026-06-29T02:42:12.043-05:00","source":{"id":"0","name":"eventBus"}}
{"__type":"$$EventMessageNode","id":"0e9ba3ae-c141-4e93-847c-9df5ef388c9c","ts":"2026-06-29T02:42:12.044-05:00","eventName":"n8n.node.finished","message":"n8n.node.finished","payload":{"workflowId":"oUPx0e5fOPGgvylT","workflowName":"My workflow","executionId":"186","nodeType":"n8n-nodes-base.set","nodeName":"Edit Fields","nodeId":"68405ab2-f60e-41a4-9d37-35d47de4936e"}}
{"__type":"$$EventMessageConfirm","confirm":"0e9ba3ae-c141-4e93-847c-9df5ef388c9c","ts":"2026-06-29T02:42:12.044-05:00","source":{"id":"0","name":"eventBus"}}
{"__type":"$$EventMessageNode","id":"6d5ffcdb-dcec-4f3e-8868-5b8d78d1920c","ts":"2026-06-29T02:42:12.044-05:00","eventName":"n8n.node.started","message":"n8n.node.started","payload":{"workflowId":"oUPx0e5fOPGgvylT","workflowName":"My workflow","executionId":"186","nodeType":"n8n-nodes-base.splitOut","nodeName":"Split Out","nodeId":"a684a599-9806-4670-8e45-8b2176608639"}}
{"__type":"$$EventMessageConfirm","confirm":"6d5ffcdb-dcec-4f3e-8868-5b8d78d1920c","ts":"2026-06-29T02:42:12.044-05:00","source":{"id":"0","name":"eventBus"}}
{"__type":"$$EventMessageNode","id":"a8031085-0472-4338-bcc6-888444ac354b","ts":"2026-06-29T02:42:12.044-05:00","eventName":"n8n.node.finished","message":"n8n.node.finished","payload":{"workflowId":"oUPx0e5fOPGgvylT","workflowName":"My workflow","executionId":"186","nodeType":"n8n-nodes-base.splitOut","nodeName":"Split Out","nodeId":"a684a599-9806-4670-8e45-8b2176608639"}}
{"__type":"$$EventMessageConfirm","confirm":"a8031085-0472-4338-bcc6-888444ac354b","ts":"2026-06-29T02:42:12.044-05:00","source":{"id":"0","name":"eventBus"}}
{"__type":"$$EventMessageNode","id":"8861be49-fdde-4c43-9e95-f95026f3b2b5","ts":"2026-06-29T02:42:12.044-05:00","eventName":"n8n.node.started","message":"n8n.node.started","payload":{"workflowId":"oUPx0e5fOPGgvylT","workflowName":"My workflow","executionId":"186","nodeType":"n8n-nodes-base.postgres","nodeName":"Insertar Detalle Final","nodeId":"c7187cf2-b5e1-40c1-8161-a553052a3098"}}
{"__type":"$$EventMessageConfirm","confirm":"8861be49-fdde-4c43-9e95-f95026f3b2b5","ts":"2026-06-29T02:42:12.044-05:00","source":{"id":"0","name":"eventBus"}}
{"__type":"$$EventMessageNode","id":"4c6dc916-a84a-4c96-8cbc-8e3758ffc951","ts":"2026-06-29T02:42:12.059-05:00","eventName":"n8n.node.finished","message":"n8n.node.finished","payload":{"workflowId":"oUPx0e5fOPGgvylT","workflowName":"My workflow","executionId":"186","nodeType":"n8n-nodes-base.postgres","nodeName":"Insertar Detalle Final","nodeId":"c7187cf2-b5e1-40c1-8161-a553052a3098"}}
{"__type":"$$EventMessageConfirm","confirm":"4c6dc916-a84a-4c96-8cbc-8e3758ffc951","ts":"2026-06-29T02:42:12.059-05:00","source":{"id":"0","name":"eventBus"}}
{"__type":"$$EventMessageWorkflow","id":"4580753a-b2ee-4fa9-8add-1a8ee0295e08","ts":"2026-06-29T02:42:12.059-05:00","eventName":"n8n.workflow.success","message":"n8n.workflow.success","payload":{"executionId":"186","success":true,"isManual":false,"mode":"webhook","workflowId":"oUPx0e5fOPGgvylT","workflowName":"My workflow","projectId":"b7xQvhxULCJHHqbW","projectName":"paul steve stevetamayo7@gmail.com <stevetamayo7@gmail.com>"}}
{"__type":"$$EventMessageConfirm","confirm":"4580753a-b2ee-4fa9-8add-1a8ee0295e08","ts":"2026-06-29T02:42:12.059-05:00","source":{"id":"0","name":"eventBus"}}
{"__type":"$$EventMessageAudit","id":"8951ed2c-97fe-4661-9e4e-d0edea8a31bd","ts":"2026-06-29T02:43:46.147-05:00","eventName":"n8n.audit.workflow.executed","message":"n8n.audit.workflow.executed","payload":{"workflowId":"oUPx0e5fOPGgvylT","workflowName":"My workflow","executionId":"187","source":"webhook"}}
{"__type":"$$EventMessageConfirm","confirm":"8951ed2c-97fe-4661-9e4e-d0edea8a31bd","ts":"2026-06-29T02:43:46.147-05:00","source":{"id":"0","name":"eventBus"}}
{"__type":"$$EventMessageWorkflow","id":"9e66e007-4712-40bb-8790-37aa166be75c","ts":"2026-06-29T02:43:46.147-05:00","eventName":"n8n.workflow.started","message":"n8n.workflow.started","payload":{"executionId":"187","workflowId":"oUPx0e5fOPGgvylT","isManual":false,"mode":"webhook","workflowName":"My workflow","projectId":"b7xQvhxULCJHHqbW","projectName":"paul steve stevetamayo7@gmail.com <stevetamayo7@gmail.com>"}}
{"__type":"$$EventMessageConfirm","confirm":"9e66e007-4712-40bb-8790-37aa166be75c","ts":"2026-06-29T02:43:46.147-05:00","source":{"id":"0","name":"eventBus"}}
{"__type":"$$EventMessageNode","id":"c9926911-02db-4034-8bc0-c85b79ad6f97","ts":"2026-06-29T02:43:46.147-05:00","eventName":"n8n.node.started","message":"n8n.node.started","payload":{"workflowId":"oUPx0e5fOPGgvylT","workflowName":"My workflow","executionId":"187","nodeType":"n8n-nodes-base.webhook","nodeName":"Webhook","nodeId":"f1135c5d-ea3b-4d5c-8bdc-9fa7d996426e"}}
{"__type":"$$EventMessageConfirm","confirm":"c9926911-02db-4034-8bc0-c85b79ad6f97","ts":"2026-06-29T02:43:46.147-05:00","source":{"id":"0","name":"eventBus"}}
{"__type":"$$EventMessageNode","id":"5d752e80-4c62-4d58-926e-2af5c44bff3a","ts":"2026-06-29T02:43:46.148-05:00","eventName":"n8n.node.finished","message":"n8n.node.finished","payload":{"workflowId":"oUPx0e5fOPGgvylT","workflowName":"My workflow","executionId":"187","nodeType":"n8n-nodes-base.webhook","nodeName":"Webhook","nodeId":"f1135c5d-ea3b-4d5c-8bdc-9fa7d996426e"}}
{"__type":"$$EventMessageConfirm","confirm":"5d752e80-4c62-4d58-926e-2af5c44bff3a","ts":"2026-06-29T02:43:46.148-05:00","source":{"id":"0","name":"eventBus"}}
{"__type":"$$EventMessageNode","id":"8c4f4ab7-b5af-4a7e-9f7b-6f3c2410a66d","ts":"2026-06-29T02:43:46.148-05:00","eventName":"n8n.node.started","message":"n8n.node.started","payload":{"workflowId":"oUPx0e5fOPGgvylT","workflowName":"My workflow","executionId":"187","nodeType":"n8n-nodes-base.code","nodeName":"Extraer Consumo (Bodega)","nodeId":"32d04367-e652-4576-96c4-80aed52d7f95"}}
{"__type":"$$EventMessageConfirm","confirm":"8c4f4ab7-b5af-4a7e-9f7b-6f3c2410a66d","ts":"2026-06-29T02:43:46.148-05:00","source":{"id":"0","name":"eventBus"}}
{"__type":"$$EventMessageRunner","id":"6686bb94-099a-4993-b0a8-c2c9c81ba12f","ts":"2026-06-29T02:43:46.149-05:00","eventName":"n8n.runner.task.requested","message":"n8n.runner.task.requested","payload":{"taskId":"epP6GEvK","nodeId":"32d04367-e652-4576-96c4-80aed52d7f95","workflowId":"oUPx0e5fOPGgvylT","executionId":"187"}}
{"__type":"$$EventMessageConfirm","confirm":"6686bb94-099a-4993-b0a8-c2c9c81ba12f","ts":"2026-06-29T02:43:46.149-05:00","source":{"id":"0","name":"eventBus"}}
{"__type":"$$EventMessageRunner","id":"e1b65287-d8a3-4fd0-9194-81f88f79b9de","ts":"2026-06-29T02:43:46.152-05:00","eventName":"n8n.runner.response.received","message":"n8n.runner.response.received","payload":{"taskId":"epP6GEvK","nodeId":"32d04367-e652-4576-96c4-80aed52d7f95","workflowId":"oUPx0e5fOPGgvylT","executionId":"187"}}
{"__type":"$$EventMessageConfirm","confirm":"e1b65287-d8a3-4fd0-9194-81f88f79b9de","ts":"2026-06-29T02:43:46.152-05:00","source":{"id":"0","name":"eventBus"}}
{"__type":"$$EventMessageNode","id":"b3364066-b313-4b05-a704-454a068500d2","ts":"2026-06-29T02:43:46.152-05:00","eventName":"n8n.node.finished","message":"n8n.node.finished","payload":{"workflowId":"oUPx0e5fOPGgvylT","workflowName":"My workflow","executionId":"187","nodeType":"n8n-nodes-base.code","nodeName":"Extraer Consumo (Bodega)","nodeId":"32d04367-e652-4576-96c4-80aed52d7f95"}}
{"__type":"$$EventMessageConfirm","confirm":"b3364066-b313-4b05-a704-454a068500d2","ts":"2026-06-29T02:43:46.152-05:00","source":{"id":"0","name":"eventBus"}}
{"__type":"$$EventMessageNode","id":"9a9d19df-3a65-42ad-928a-34ac45d45ee2","ts":"2026-06-29T02:43:46.152-05:00","eventName":"n8n.node.started","message":"n8n.node.started","payload":{"workflowId":"oUPx0e5fOPGgvylT","workflowName":"My workflow","executionId":"187","nodeType":"n8n-nodes-base.postgres","nodeName":"Descontar Stock","nodeId":"aed60a76-82c2-456f-8302-9d68abaa4d85"}}
{"__type":"$$EventMessageConfirm","confirm":"9a9d19df-3a65-42ad-928a-34ac45d45ee2","ts":"2026-06-29T02:43:46.152-05:00","source":{"id":"0","name":"eventBus"}}
{"__type":"$$EventMessageNode","id":"2415fed1-f1d1-434d-bd82-3fe935c3b321","ts":"2026-06-29T02:43:46.209-05:00","eventName":"n8n.node.finished","message":"n8n.node.finished","payload":{"workflowId":"oUPx0e5fOPGgvylT","workflowName":"My workflow","executionId":"187","nodeType":"n8n-nodes-base.postgres","nodeName":"Descontar Stock","nodeId":"aed60a76-82c2-456f-8302-9d68abaa4d85"}}
{"__type":"$$EventMessageConfirm","confirm":"2415fed1-f1d1-434d-bd82-3fe935c3b321","ts":"2026-06-29T02:43:46.209-05:00","source":{"id":"0","name":"eventBus"}}
{"__type":"$$EventMessageNode","id":"0e344271-e526-4c44-8428-73ac5c1385b1","ts":"2026-06-29T02:43:46.209-05:00","eventName":"n8n.node.started","message":"n8n.node.started","payload":{"workflowId":"oUPx0e5fOPGgvylT","workflowName":"My workflow","executionId":"187","nodeType":"n8n-nodes-base.postgres","nodeName":"Insertar Cabecera Pedido","nodeId":"b70ae773-3136-4f89-b186-48c0bd513abc"}}
{"__type":"$$EventMessageConfirm","confirm":"0e344271-e526-4c44-8428-73ac5c1385b1","ts":"2026-06-29T02:43:46.209-05:00","source":{"id":"0","name":"eventBus"}}
{"__type":"$$EventMessageNode","id":"e0c5ced6-eac5-4377-96c9-7d7542e96f29","ts":"2026-06-29T02:43:46.218-05:00","eventName":"n8n.node.finished","message":"n8n.node.finished","payload":{"workflowId":"oUPx0e5fOPGgvylT","workflowName":"My workflow","executionId":"187","nodeType":"n8n-nodes-base.postgres","nodeName":"Insertar Cabecera Pedido","nodeId":"b70ae773-3136-4f89-b186-48c0bd513abc"}}
{"__type":"$$EventMessageConfirm","confirm":"e0c5ced6-eac5-4377-96c9-7d7542e96f29","ts":"2026-06-29T02:43:46.218-05:00","source":{"id":"0","name":"eventBus"}}
{"__type":"$$EventMessageNode","id":"3961d3ce-eb99-4210-b8a9-c7f09f10cc9d","ts":"2026-06-29T02:43:46.218-05:00","eventName":"n8n.node.started","message":"n8n.node.started","payload":{"workflowId":"oUPx0e5fOPGgvylT","workflowName":"My workflow","executionId":"187","nodeType":"n8n-nodes-base.set","nodeName":"Edit Fields","nodeId":"68405ab2-f60e-41a4-9d37-35d47de4936e"}}
{"__type":"$$EventMessageConfirm","confirm":"3961d3ce-eb99-4210-b8a9-c7f09f10cc9d","ts":"2026-06-29T02:43:46.218-05:00","source":{"id":"0","name":"eventBus"}}
{"__type":"$$EventMessageNode","id":"3c19e548-8853-4078-a2ad-1904174a6f90","ts":"2026-06-29T02:43:46.218-05:00","eventName":"n8n.node.finished","message":"n8n.node.finished","payload":{"workflowId":"oUPx0e5fOPGgvylT","workflowName":"My workflow","executionId":"187","nodeType":"n8n-nodes-base.set","nodeName":"Edit Fields","nodeId":"68405ab2-f60e-41a4-9d37-35d47de4936e"}}
{"__type":"$$EventMessageConfirm","confirm":"3c19e548-8853-4078-a2ad-1904174a6f90","ts":"2026-06-29T02:43:46.218-05:00","source":{"id":"0","name":"eventBus"}}
{"__type":"$$EventMessageNode","id":"7d13aa00-51dd-40ca-819f-33415e4d1bbd","ts":"2026-06-29T02:43:46.218-05:00","eventName":"n8n.node.started","message":"n8n.node.started","payload":{"workflowId":"oUPx0e5fOPGgvylT","workflowName":"My workflow","executionId":"187","nodeType":"n8n-nodes-base.splitOut","nodeName":"Split Out","nodeId":"a684a599-9806-4670-8e45-8b2176608639"}}
{"__type":"$$EventMessageConfirm","confirm":"7d13aa00-51dd-40ca-819f-33415e4d1bbd","ts":"2026-06-29T02:43:46.218-05:00","source":{"id":"0","name":"eventBus"}}
{"__type":"$$EventMessageNode","id":"8f06ce88-ed15-45ad-937c-55cd96077f35","ts":"2026-06-29T02:43:46.219-05:00","eventName":"n8n.node.finished","message":"n8n.node.finished","payload":{"workflowId":"oUPx0e5fOPGgvylT","workflowName":"My workflow","executionId":"187","nodeType":"n8n-nodes-base.splitOut","nodeName":"Split Out","nodeId":"a684a599-9806-4670-8e45-8b2176608639"}}
{"__type":"$$EventMessageConfirm","confirm":"8f06ce88-ed15-45ad-937c-55cd96077f35","ts":"2026-06-29T02:43:46.219-05:00","source":{"id":"0","name":"eventBus"}}
{"__type":"$$EventMessageNode","id":"0087fbb4-c0b4-43c3-bad5-5870f5ef6d5a","ts":"2026-06-29T02:43:46.219-05:00","eventName":"n8n.node.started","message":"n8n.node.started","payload":{"workflowId":"oUPx0e5fOPGgvylT","workflowName":"My workflow","executionId":"187","nodeType":"n8n-nodes-base.postgres","nodeName":"Insertar Detalle Final","nodeId":"c7187cf2-b5e1-40c1-8161-a553052a3098"}}
{"__type":"$$EventMessageConfirm","confirm":"0087fbb4-c0b4-43c3-bad5-5870f5ef6d5a","ts":"2026-06-29T02:43:46.219-05:00","source":{"id":"0","name":"eventBus"}}
{"__type":"$$EventMessageNode","id":"8c00352d-fd5f-496d-9863-807fb282f32d","ts":"2026-06-29T02:43:46.229-05:00","eventName":"n8n.node.finished","message":"n8n.node.finished","payload":{"workflowId":"oUPx0e5fOPGgvylT","workflowName":"My workflow","executionId":"187","nodeType":"n8n-nodes-base.postgres","nodeName":"Insertar Detalle Final","nodeId":"c7187cf2-b5e1-40c1-8161-a553052a3098"}}
{"__type":"$$EventMessageConfirm","confirm":"8c00352d-fd5f-496d-9863-807fb282f32d","ts":"2026-06-29T02:43:46.229-05:00","source":{"id":"0","name":"eventBus"}}
{"__type":"$$EventMessageWorkflow","id":"c47c62d1-a31f-4d92-8d68-f089f4fd4cd1","ts":"2026-06-29T02:43:46.229-05:00","eventName":"n8n.workflow.success","message":"n8n.workflow.success","payload":{"executionId":"187","success":true,"isManual":false,"mode":"webhook","workflowId":"oUPx0e5fOPGgvylT","workflowName":"My workflow","projectId":"b7xQvhxULCJHHqbW","projectName":"paul steve stevetamayo7@gmail.com <stevetamayo7@gmail.com>"}}
{"__type":"$$EventMessageConfirm","confirm":"c47c62d1-a31f-4d92-8d68-f089f4fd4cd1","ts":"2026-06-29T02:43:46.229-05:00","source":{"id":"0","name":"eventBus"}}
{"__type":"$$EventMessageAudit","id":"6d5e045a-ed95-4804-b6e8-525e96388449","ts":"2026-06-29T02:44:06.528-05:00","eventName":"n8n.audit.workflow.executed","message":"n8n.audit.workflow.executed","payload":{"workflowId":"oUPx0e5fOPGgvylT","workflowName":"My workflow","executionId":"188","source":"webhook"}}
{"__type":"$$EventMessageConfirm","confirm":"6d5e045a-ed95-4804-b6e8-525e96388449","ts":"2026-06-29T02:44:06.528-05:00","source":{"id":"0","name":"eventBus"}}
{"__type":"$$EventMessageWorkflow","id":"ff882984-029d-4f6c-8926-440d8b62e975","ts":"2026-06-29T02:44:06.528-05:00","eventName":"n8n.workflow.started","message":"n8n.workflow.started","payload":{"executionId":"188","workflowId":"oUPx0e5fOPGgvylT","isManual":false,"mode":"webhook","workflowName":"My workflow","projectId":"b7xQvhxULCJHHqbW","projectName":"paul steve stevetamayo7@gmail.com <stevetamayo7@gmail.com>"}}
{"__type":"$$EventMessageConfirm","confirm":"ff882984-029d-4f6c-8926-440d8b62e975","ts":"2026-06-29T02:44:06.528-05:00","source":{"id":"0","name":"eventBus"}}
{"__type":"$$EventMessageNode","id":"4be86289-caf3-4c79-849f-eb0995b3fd52","ts":"2026-06-29T02:44:06.528-05:00","eventName":"n8n.node.started","message":"n8n.node.started","payload":{"workflowId":"oUPx0e5fOPGgvylT","workflowName":"My workflow","executionId":"188","nodeType":"n8n-nodes-base.webhook","nodeName":"Webhook","nodeId":"f1135c5d-ea3b-4d5c-8bdc-9fa7d996426e"}}
{"__type":"$$EventMessageConfirm","confirm":"4be86289-caf3-4c79-849f-eb0995b3fd52","ts":"2026-06-29T02:44:06.528-05:00","source":{"id":"0","name":"eventBus"}}
{"__type":"$$EventMessageNode","id":"3a15a651-0b1f-4c1e-9d6a-f716f4511ce0","ts":"2026-06-29T02:44:06.528-05:00","eventName":"n8n.node.finished","message":"n8n.node.finished","payload":{"workflowId":"oUPx0e5fOPGgvylT","workflowName":"My workflow","executionId":"188","nodeType":"n8n-nodes-base.webhook","nodeName":"Webhook","nodeId":"f1135c5d-ea3b-4d5c-8bdc-9fa7d996426e"}}
{"__type":"$$EventMessageConfirm","confirm":"3a15a651-0b1f-4c1e-9d6a-f716f4511ce0","ts":"2026-06-29T02:44:06.528-05:00","source":{"id":"0","name":"eventBus"}}
{"__type":"$$EventMessageNode","id":"ec20cf34-8ebf-4d0b-a2aa-38f985a9f437","ts":"2026-06-29T02:44:06.528-05:00","eventName":"n8n.node.started","message":"n8n.node.started","payload":{"workflowId":"oUPx0e5fOPGgvylT","workflowName":"My workflow","executionId":"188","nodeType":"n8n-nodes-base.code","nodeName":"Extraer Consumo (Bodega)","nodeId":"32d04367-e652-4576-96c4-80aed52d7f95"}}
{"__type":"$$EventMessageConfirm","confirm":"ec20cf34-8ebf-4d0b-a2aa-38f985a9f437","ts":"2026-06-29T02:44:06.528-05:00","source":{"id":"0","name":"eventBus"}}
{"__type":"$$EventMessageRunner","id":"f3d5f474-5020-4c0a-b32e-6cddbdbefd6d","ts":"2026-06-29T02:44:06.529-05:00","eventName":"n8n.runner.task.requested","message":"n8n.runner.task.requested","payload":{"taskId":"W0IOQdkd","nodeId":"32d04367-e652-4576-96c4-80aed52d7f95","workflowId":"oUPx0e5fOPGgvylT","executionId":"188"}}
{"__type":"$$EventMessageConfirm","confirm":"f3d5f474-5020-4c0a-b32e-6cddbdbefd6d","ts":"2026-06-29T02:44:06.529-05:00","source":{"id":"0","name":"eventBus"}}
{"__type":"$$EventMessageRunner","id":"a8c01357-a85d-47cf-966d-cd826d499328","ts":"2026-06-29T02:44:06.533-05:00","eventName":"n8n.runner.response.received","message":"n8n.runner.response.received","payload":{"taskId":"W0IOQdkd","nodeId":"32d04367-e652-4576-96c4-80aed52d7f95","workflowId":"oUPx0e5fOPGgvylT","executionId":"188"}}
{"__type":"$$EventMessageConfirm","confirm":"a8c01357-a85d-47cf-966d-cd826d499328","ts":"2026-06-29T02:44:06.533-05:00","source":{"id":"0","name":"eventBus"}}
{"__type":"$$EventMessageNode","id":"8848e505-762d-4454-8284-5449a9ec65ba","ts":"2026-06-29T02:44:06.533-05:00","eventName":"n8n.node.finished","message":"n8n.node.finished","payload":{"workflowId":"oUPx0e5fOPGgvylT","workflowName":"My workflow","executionId":"188","nodeType":"n8n-nodes-base.code","nodeName":"Extraer Consumo (Bodega)","nodeId":"32d04367-e652-4576-96c4-80aed52d7f95"}}
{"__type":"$$EventMessageConfirm","confirm":"8848e505-762d-4454-8284-5449a9ec65ba","ts":"2026-06-29T02:44:06.534-05:00","source":{"id":"0","name":"eventBus"}}
{"__type":"$$EventMessageNode","id":"c057e1a4-043b-4a6c-bd1b-d5bc882de047","ts":"2026-06-29T02:44:06.534-05:00","eventName":"n8n.node.started","message":"n8n.node.started","payload":{"workflowId":"oUPx0e5fOPGgvylT","workflowName":"My workflow","executionId":"188","nodeType":"n8n-nodes-base.postgres","nodeName":"Descontar Stock","nodeId":"aed60a76-82c2-456f-8302-9d68abaa4d85"}}
{"__type":"$$EventMessageConfirm","confirm":"c057e1a4-043b-4a6c-bd1b-d5bc882de047","ts":"2026-06-29T02:44:06.534-05:00","source":{"id":"0","name":"eventBus"}}
{"__type":"$$EventMessageNode","id":"3e1a3a38-5542-4ffa-b12f-4fe5d13c158b","ts":"2026-06-29T02:44:06.589-05:00","eventName":"n8n.node.finished","message":"n8n.node.finished","payload":{"workflowId":"oUPx0e5fOPGgvylT","workflowName":"My workflow","executionId":"188","nodeType":"n8n-nodes-base.postgres","nodeName":"Descontar Stock","nodeId":"aed60a76-82c2-456f-8302-9d68abaa4d85"}}
{"__type":"$$EventMessageConfirm","confirm":"3e1a3a38-5542-4ffa-b12f-4fe5d13c158b","ts":"2026-06-29T02:44:06.589-05:00","source":{"id":"0","name":"eventBus"}}
{"__type":"$$EventMessageNode","id":"29776ee0-0e16-427c-bc91-a5583807edc2","ts":"2026-06-29T02:44:06.589-05:00","eventName":"n8n.node.started","message":"n8n.node.started","payload":{"workflowId":"oUPx0e5fOPGgvylT","workflowName":"My workflow","executionId":"188","nodeType":"n8n-nodes-base.postgres","nodeName":"Insertar Cabecera Pedido","nodeId":"b70ae773-3136-4f89-b186-48c0bd513abc"}}
{"__type":"$$EventMessageConfirm","confirm":"29776ee0-0e16-427c-bc91-a5583807edc2","ts":"2026-06-29T02:44:06.589-05:00","source":{"id":"0","name":"eventBus"}}
{"__type":"$$EventMessageNode","id":"0ff05a35-7b3c-4e76-a278-c74faa85b08c","ts":"2026-06-29T02:44:06.598-05:00","eventName":"n8n.node.finished","message":"n8n.node.finished","payload":{"workflowId":"oUPx0e5fOPGgvylT","workflowName":"My workflow","executionId":"188","nodeType":"n8n-nodes-base.postgres","nodeName":"Insertar Cabecera Pedido","nodeId":"b70ae773-3136-4f89-b186-48c0bd513abc"}}
{"__type":"$$EventMessageConfirm","confirm":"0ff05a35-7b3c-4e76-a278-c74faa85b08c","ts":"2026-06-29T02:44:06.598-05:00","source":{"id":"0","name":"eventBus"}}
{"__type":"$$EventMessageNode","id":"dc041d1e-2954-48c7-8e1e-c04841c495c6","ts":"2026-06-29T02:44:06.598-05:00","eventName":"n8n.node.started","message":"n8n.node.started","payload":{"workflowId":"oUPx0e5fOPGgvylT","workflowName":"My workflow","executionId":"188","nodeType":"n8n-nodes-base.set","nodeName":"Edit Fields","nodeId":"68405ab2-f60e-41a4-9d37-35d47de4936e"}}
{"__type":"$$EventMessageConfirm","confirm":"dc041d1e-2954-48c7-8e1e-c04841c495c6","ts":"2026-06-29T02:44:06.598-05:00","source":{"id":"0","name":"eventBus"}}
{"__type":"$$EventMessageNode","id":"0826de9f-4269-405c-9914-82cb17e48c63","ts":"2026-06-29T02:44:06.599-05:00","eventName":"n8n.node.finished","message":"n8n.node.finished","payload":{"workflowId":"oUPx0e5fOPGgvylT","workflowName":"My workflow","executionId":"188","nodeType":"n8n-nodes-base.set","nodeName":"Edit Fields","nodeId":"68405ab2-f60e-41a4-9d37-35d47de4936e"}}
{"__type":"$$EventMessageConfirm","confirm":"0826de9f-4269-405c-9914-82cb17e48c63","ts":"2026-06-29T02:44:06.599-05:00","source":{"id":"0","name":"eventBus"}}
{"__type":"$$EventMessageNode","id":"5d2d10d6-1232-4b6a-ba8d-8b20f793bb29","ts":"2026-06-29T02:44:06.599-05:00","eventName":"n8n.node.started","message":"n8n.node.started","payload":{"workflowId":"oUPx0e5fOPGgvylT","workflowName":"My workflow","executionId":"188","nodeType":"n8n-nodes-base.splitOut","nodeName":"Split Out","nodeId":"a684a599-9806-4670-8e45-8b2176608639"}}
{"__type":"$$EventMessageConfirm","confirm":"5d2d10d6-1232-4b6a-ba8d-8b20f793bb29","ts":"2026-06-29T02:44:06.599-05:00","source":{"id":"0","name":"eventBus"}}
{"__type":"$$EventMessageNode","id":"1c4914c2-1ba5-4a69-8b43-01442dfb86a2","ts":"2026-06-29T02:44:06.599-05:00","eventName":"n8n.node.finished","message":"n8n.node.finished","payload":{"workflowId":"oUPx0e5fOPGgvylT","workflowName":"My workflow","executionId":"188","nodeType":"n8n-nodes-base.splitOut","nodeName":"Split Out","nodeId":"a684a599-9806-4670-8e45-8b2176608639"}}
{"__type":"$$EventMessageConfirm","confirm":"1c4914c2-1ba5-4a69-8b43-01442dfb86a2","ts":"2026-06-29T02:44:06.599-05:00","source":{"id":"0","name":"eventBus"}}
{"__type":"$$EventMessageNode","id":"a7bfd076-127a-441a-a757-91c39d284c92","ts":"2026-06-29T02:44:06.599-05:00","eventName":"n8n.node.started","message":"n8n.node.started","payload":{"workflowId":"oUPx0e5fOPGgvylT","workflowName":"My workflow","executionId":"188","nodeType":"n8n-nodes-base.postgres","nodeName":"Insertar Detalle Final","nodeId":"c7187cf2-b5e1-40c1-8161-a553052a3098"}}
{"__type":"$$EventMessageConfirm","confirm":"a7bfd076-127a-441a-a757-91c39d284c92","ts":"2026-06-29T02:44:06.599-05:00","source":{"id":"0","name":"eventBus"}}
{"__type":"$$EventMessageNode","id":"a7928192-f288-4a52-951f-75faa3e4294a","ts":"2026-06-29T02:44:06.609-05:00","eventName":"n8n.node.finished","message":"n8n.node.finished","payload":{"workflowId":"oUPx0e5fOPGgvylT","workflowName":"My workflow","executionId":"188","nodeType":"n8n-nodes-base.postgres","nodeName":"Insertar Detalle Final","nodeId":"c7187cf2-b5e1-40c1-8161-a553052a3098"}}
{"__type":"$$EventMessageConfirm","confirm":"a7928192-f288-4a52-951f-75faa3e4294a","ts":"2026-06-29T02:44:06.609-05:00","source":{"id":"0","name":"eventBus"}}
{"__type":"$$EventMessageWorkflow","id":"49e71e6c-fed8-44bb-a36d-40b1ff357826","ts":"2026-06-29T02:44:06.609-05:00","eventName":"n8n.workflow.success","message":"n8n.workflow.success","payload":{"executionId":"188","success":true,"isManual":false,"mode":"webhook","workflowId":"oUPx0e5fOPGgvylT","workflowName":"My workflow","projectId":"b7xQvhxULCJHHqbW","projectName":"paul steve stevetamayo7@gmail.com <stevetamayo7@gmail.com>"}}
{"__type":"$$EventMessageConfirm","confirm":"49e71e6c-fed8-44bb-a36d-40b1ff357826","ts":"2026-06-29T02:44:06.609-05:00","source":{"id":"0","name":"eventBus"}}
{"__type":"$$EventMessageAudit","id":"1870dd53-f54b-4851-974b-dfcfaefcb543","ts":"2026-06-29T02:44:54.166-05:00","eventName":"n8n.audit.workflow.executed","message":"n8n.audit.workflow.executed","payload":{"workflowId":"oUPx0e5fOPGgvylT","workflowName":"My workflow","executionId":"189","source":"webhook"}}
{"__type":"$$EventMessageConfirm","confirm":"1870dd53-f54b-4851-974b-dfcfaefcb543","ts":"2026-06-29T02:44:54.166-05:00","source":{"id":"0","name":"eventBus"}}
{"__type":"$$EventMessageWorkflow","id":"a99fbf1c-352d-46f5-9dc6-12905e87e49c","ts":"2026-06-29T02:44:54.166-05:00","eventName":"n8n.workflow.started","message":"n8n.workflow.started","payload":{"executionId":"189","workflowId":"oUPx0e5fOPGgvylT","isManual":false,"mode":"webhook","workflowName":"My workflow","projectId":"b7xQvhxULCJHHqbW","projectName":"paul steve stevetamayo7@gmail.com <stevetamayo7@gmail.com>"}}
{"__type":"$$EventMessageConfirm","confirm":"a99fbf1c-352d-46f5-9dc6-12905e87e49c","ts":"2026-06-29T02:44:54.166-05:00","source":{"id":"0","name":"eventBus"}}
{"__type":"$$EventMessageNode","id":"850952c1-4265-4032-8788-2289fdbf3014","ts":"2026-06-29T02:44:54.166-05:00","eventName":"n8n.node.started","message":"n8n.node.started","payload":{"workflowId":"oUPx0e5fOPGgvylT","workflowName":"My workflow","executionId":"189","nodeType":"n8n-nodes-base.webhook","nodeName":"Webhook","nodeId":"f1135c5d-ea3b-4d5c-8bdc-9fa7d996426e"}}
{"__type":"$$EventMessageConfirm","confirm":"850952c1-4265-4032-8788-2289fdbf3014","ts":"2026-06-29T02:44:54.166-05:00","source":{"id":"0","name":"eventBus"}}
{"__type":"$$EventMessageNode","id":"f8415681-e6d3-4282-a432-421b461199d5","ts":"2026-06-29T02:44:54.167-05:00","eventName":"n8n.node.finished","message":"n8n.node.finished","payload":{"workflowId":"oUPx0e5fOPGgvylT","workflowName":"My workflow","executionId":"189","nodeType":"n8n-nodes-base.webhook","nodeName":"Webhook","nodeId":"f1135c5d-ea3b-4d5c-8bdc-9fa7d996426e"}}
{"__type":"$$EventMessageConfirm","confirm":"f8415681-e6d3-4282-a432-421b461199d5","ts":"2026-06-29T02:44:54.167-05:00","source":{"id":"0","name":"eventBus"}}
{"__type":"$$EventMessageNode","id":"3ebac17f-aab3-4ca8-96c8-e751f451f4ba","ts":"2026-06-29T02:44:54.167-05:00","eventName":"n8n.node.started","message":"n8n.node.started","payload":{"workflowId":"oUPx0e5fOPGgvylT","workflowName":"My workflow","executionId":"189","nodeType":"n8n-nodes-base.code","nodeName":"Extraer Consumo (Bodega)","nodeId":"32d04367-e652-4576-96c4-80aed52d7f95"}}
{"__type":"$$EventMessageConfirm","confirm":"3ebac17f-aab3-4ca8-96c8-e751f451f4ba","ts":"2026-06-29T02:44:54.167-05:00","source":{"id":"0","name":"eventBus"}}
{"__type":"$$EventMessageRunner","id":"4b93e746-a09d-427b-9d54-5e5c19586458","ts":"2026-06-29T02:44:54.168-05:00","eventName":"n8n.runner.task.requested","message":"n8n.runner.task.requested","payload":{"taskId":"0DRk6Z-O","nodeId":"32d04367-e652-4576-96c4-80aed52d7f95","workflowId":"oUPx0e5fOPGgvylT","executionId":"189"}}
{"__type":"$$EventMessageConfirm","confirm":"4b93e746-a09d-427b-9d54-5e5c19586458","ts":"2026-06-29T02:44:54.168-05:00","source":{"id":"0","name":"eventBus"}}
{"__type":"$$EventMessageRunner","id":"84bb1b11-3fd2-41d6-8d36-abddaa659b16","ts":"2026-06-29T02:44:54.170-05:00","eventName":"n8n.runner.response.received","message":"n8n.runner.response.received","payload":{"taskId":"0DRk6Z-O","nodeId":"32d04367-e652-4576-96c4-80aed52d7f95","workflowId":"oUPx0e5fOPGgvylT","executionId":"189"}}
{"__type":"$$EventMessageConfirm","confirm":"84bb1b11-3fd2-41d6-8d36-abddaa659b16","ts":"2026-06-29T02:44:54.170-05:00","source":{"id":"0","name":"eventBus"}}
{"__type":"$$EventMessageNode","id":"35e2348c-4d30-4b12-a26b-f1aa3b52ff54","ts":"2026-06-29T02:44:54.171-05:00","eventName":"n8n.node.finished","message":"n8n.node.finished","payload":{"workflowId":"oUPx0e5fOPGgvylT","workflowName":"My workflow","executionId":"189","nodeType":"n8n-nodes-base.code","nodeName":"Extraer Consumo (Bodega)","nodeId":"32d04367-e652-4576-96c4-80aed52d7f95"}}
{"__type":"$$EventMessageConfirm","confirm":"35e2348c-4d30-4b12-a26b-f1aa3b52ff54","ts":"2026-06-29T02:44:54.171-05:00","source":{"id":"0","name":"eventBus"}}
{"__type":"$$EventMessageNode","id":"af5e130b-f474-412c-a286-dd856b283d5b","ts":"2026-06-29T02:44:54.171-05:00","eventName":"n8n.node.started","message":"n8n.node.started","payload":{"workflowId":"oUPx0e5fOPGgvylT","workflowName":"My workflow","executionId":"189","nodeType":"n8n-nodes-base.postgres","nodeName":"Descontar Stock","nodeId":"aed60a76-82c2-456f-8302-9d68abaa4d85"}}
{"__type":"$$EventMessageConfirm","confirm":"af5e130b-f474-412c-a286-dd856b283d5b","ts":"2026-06-29T02:44:54.171-05:00","source":{"id":"0","name":"eventBus"}}
{"__type":"$$EventMessageNode","id":"9f229a82-a3a8-47ff-a98a-25d0b3f5726c","ts":"2026-06-29T02:44:54.225-05:00","eventName":"n8n.node.finished","message":"n8n.node.finished","payload":{"workflowId":"oUPx0e5fOPGgvylT","workflowName":"My workflow","executionId":"189","nodeType":"n8n-nodes-base.postgres","nodeName":"Descontar Stock","nodeId":"aed60a76-82c2-456f-8302-9d68abaa4d85"}}
{"__type":"$$EventMessageConfirm","confirm":"9f229a82-a3a8-47ff-a98a-25d0b3f5726c","ts":"2026-06-29T02:44:54.225-05:00","source":{"id":"0","name":"eventBus"}}
{"__type":"$$EventMessageNode","id":"02baacc1-f352-4f22-ab9c-ea6a0388e476","ts":"2026-06-29T02:44:54.225-05:00","eventName":"n8n.node.started","message":"n8n.node.started","payload":{"workflowId":"oUPx0e5fOPGgvylT","workflowName":"My workflow","executionId":"189","nodeType":"n8n-nodes-base.postgres","nodeName":"Insertar Cabecera Pedido","nodeId":"b70ae773-3136-4f89-b186-48c0bd513abc"}}
{"__type":"$$EventMessageConfirm","confirm":"02baacc1-f352-4f22-ab9c-ea6a0388e476","ts":"2026-06-29T02:44:54.225-05:00","source":{"id":"0","name":"eventBus"}}
{"__type":"$$EventMessageNode","id":"c2186f29-bb71-442c-9fa8-74ce119f3fef","ts":"2026-06-29T02:44:54.234-05:00","eventName":"n8n.node.finished","message":"n8n.node.finished","payload":{"workflowId":"oUPx0e5fOPGgvylT","workflowName":"My workflow","executionId":"189","nodeType":"n8n-nodes-base.postgres","nodeName":"Insertar Cabecera Pedido","nodeId":"b70ae773-3136-4f89-b186-48c0bd513abc"}}
{"__type":"$$EventMessageConfirm","confirm":"c2186f29-bb71-442c-9fa8-74ce119f3fef","ts":"2026-06-29T02:44:54.234-05:00","source":{"id":"0","name":"eventBus"}}
{"__type":"$$EventMessageNode","id":"8d1dc2cc-54de-427b-b5cb-7a2c67b79079","ts":"2026-06-29T02:44:54.234-05:00","eventName":"n8n.node.started","message":"n8n.node.started","payload":{"workflowId":"oUPx0e5fOPGgvylT","workflowName":"My workflow","executionId":"189","nodeType":"n8n-nodes-base.set","nodeName":"Edit Fields","nodeId":"68405ab2-f60e-41a4-9d37-35d47de4936e"}}
{"__type":"$$EventMessageConfirm","confirm":"8d1dc2cc-54de-427b-b5cb-7a2c67b79079","ts":"2026-06-29T02:44:54.234-05:00","source":{"id":"0","name":"eventBus"}}
{"__type":"$$EventMessageNode","id":"aa181148-20e9-48ae-84e3-d10ad9d48272","ts":"2026-06-29T02:44:54.235-05:00","eventName":"n8n.node.finished","message":"n8n.node.finished","payload":{"workflowId":"oUPx0e5fOPGgvylT","workflowName":"My workflow","executionId":"189","nodeType":"n8n-nodes-base.set","nodeName":"Edit Fields","nodeId":"68405ab2-f60e-41a4-9d37-35d47de4936e"}}
{"__type":"$$EventMessageConfirm","confirm":"aa181148-20e9-48ae-84e3-d10ad9d48272","ts":"2026-06-29T02:44:54.235-05:00","source":{"id":"0","name":"eventBus"}}
{"__type":"$$EventMessageNode","id":"1ec87896-2aa6-40a8-828e-aa1ca9e30da7","ts":"2026-06-29T02:44:54.235-05:00","eventName":"n8n.node.started","message":"n8n.node.started","payload":{"workflowId":"oUPx0e5fOPGgvylT","workflowName":"My workflow","executionId":"189","nodeType":"n8n-nodes-base.splitOut","nodeName":"Split Out","nodeId":"a684a599-9806-4670-8e45-8b2176608639"}}
{"__type":"$$EventMessageConfirm","confirm":"1ec87896-2aa6-40a8-828e-aa1ca9e30da7","ts":"2026-06-29T02:44:54.235-05:00","source":{"id":"0","name":"eventBus"}}
{"__type":"$$EventMessageNode","id":"1d97cd9e-843d-421a-9882-1e01f8fc25e5","ts":"2026-06-29T02:44:54.235-05:00","eventName":"n8n.node.finished","message":"n8n.node.finished","payload":{"workflowId":"oUPx0e5fOPGgvylT","workflowName":"My workflow","executionId":"189","nodeType":"n8n-nodes-base.splitOut","nodeName":"Split Out","nodeId":"a684a599-9806-4670-8e45-8b2176608639"}}
{"__type":"$$EventMessageConfirm","confirm":"1d97cd9e-843d-421a-9882-1e01f8fc25e5","ts":"2026-06-29T02:44:54.235-05:00","source":{"id":"0","name":"eventBus"}}
{"__type":"$$EventMessageNode","id":"3d6509f1-6afc-43ca-b6c9-6a3c50fbb4ca","ts":"2026-06-29T02:44:54.235-05:00","eventName":"n8n.node.started","message":"n8n.node.started","payload":{"workflowId":"oUPx0e5fOPGgvylT","workflowName":"My workflow","executionId":"189","nodeType":"n8n-nodes-base.postgres","nodeName":"Insertar Detalle Final","nodeId":"c7187cf2-b5e1-40c1-8161-a553052a3098"}}
{"__type":"$$EventMessageConfirm","confirm":"3d6509f1-6afc-43ca-b6c9-6a3c50fbb4ca","ts":"2026-06-29T02:44:54.235-05:00","source":{"id":"0","name":"eventBus"}}
{"__type":"$$EventMessageNode","id":"4c58247a-007d-4963-ab8f-d5a16872e457","ts":"2026-06-29T02:44:54.245-05:00","eventName":"n8n.node.finished","message":"n8n.node.finished","payload":{"workflowId":"oUPx0e5fOPGgvylT","workflowName":"My workflow","executionId":"189","nodeType":"n8n-nodes-base.postgres","nodeName":"Insertar Detalle Final","nodeId":"c7187cf2-b5e1-40c1-8161-a553052a3098"}}
{"__type":"$$EventMessageConfirm","confirm":"4c58247a-007d-4963-ab8f-d5a16872e457","ts":"2026-06-29T02:44:54.245-05:00","source":{"id":"0","name":"eventBus"}}
{"__type":"$$EventMessageWorkflow","id":"4a664d81-e4e3-4bd6-aa5f-b24f0dbc9e48","ts":"2026-06-29T02:44:54.245-05:00","eventName":"n8n.workflow.success","message":"n8n.workflow.success","payload":{"executionId":"189","success":true,"isManual":false,"mode":"webhook","workflowId":"oUPx0e5fOPGgvylT","workflowName":"My workflow","projectId":"b7xQvhxULCJHHqbW","projectName":"paul steve stevetamayo7@gmail.com <stevetamayo7@gmail.com>"}}
{"__type":"$$EventMessageConfirm","confirm":"4a664d81-e4e3-4bd6-aa5f-b24f0dbc9e48","ts":"2026-06-29T02:44:54.245-05:00","source":{"id":"0","name":"eventBus"}}
